Component: ARM Compiler 5.06 update 6 (build 750) Tool: armlink [4d35ed]

==============================================================================

Section Cross References

    startup_stm32l151xc.o(STACK) refers (Special) to heapauxi.o(.text) for __use_two_region_memory
    startup_stm32l151xc.o(HEAP) refers (Special) to heapauxi.o(.text) for __use_two_region_memory
    startup_stm32l151xc.o(RESET) refers (Special) to heapauxi.o(.text) for __use_two_region_memory
    startup_stm32l151xc.o(RESET) refers to startup_stm32l151xc.o(STACK) for __initial_sp
    startup_stm32l151xc.o(RESET) refers to startup_stm32l151xc.o(.text) for Reset_Handler
    startup_stm32l151xc.o(RESET) refers to stm32l1xx_it.o(i.NMI_Handler) for NMI_Handler
    startup_stm32l151xc.o(RESET) refers to stm32l1xx_it.o(i.HardFault_Handler) for HardFault_Handler
    startup_stm32l151xc.o(RESET) refers to stm32l1xx_it.o(i.MemManage_Handler) for MemManage_Handler
    startup_stm32l151xc.o(RESET) refers to stm32l1xx_it.o(i.BusFault_Handler) for BusFault_Handler
    startup_stm32l151xc.o(RESET) refers to stm32l1xx_it.o(i.UsageFault_Handler) for UsageFault_Handler
    startup_stm32l151xc.o(RESET) refers to stm32l1xx_it.o(i.SVC_Handler) for SVC_Handler
    startup_stm32l151xc.o(RESET) refers to stm32l1xx_it.o(i.DebugMon_Handler) for DebugMon_Handler
    startup_stm32l151xc.o(RESET) refers to stm32l1xx_it.o(i.PendSV_Handler) for PendSV_Handler
    startup_stm32l151xc.o(RESET) refers to stm32l1xx_it.o(i.SysTick_Handler) for SysTick_Handler
    startup_stm32l151xc.o(RESET) refers to stm32l1xx_it.o(i.EXTI0_IRQHandler) for EXTI0_IRQHandler
    startup_stm32l151xc.o(RESET) refers to stm32l1xx_it.o(i.EXTI2_IRQHandler) for EXTI2_IRQHandler
    startup_stm32l151xc.o(RESET) refers to stm32l1xx_it.o(i.DMA1_Channel4_IRQHandler) for DMA1_Channel4_IRQHandler
    startup_stm32l151xc.o(RESET) refers to stm32l1xx_it.o(i.DMA1_Channel5_IRQHandler) for DMA1_Channel5_IRQHandler
    startup_stm32l151xc.o(RESET) refers to stm32l1xx_it.o(i.TIM2_IRQHandler) for TIM2_IRQHandler
    startup_stm32l151xc.o(RESET) refers to stm32l1xx_it.o(i.TIM3_IRQHandler) for TIM3_IRQHandler
    startup_stm32l151xc.o(RESET) refers to stm32l1xx_it.o(i.USART1_IRQHandler) for USART1_IRQHandler
    startup_stm32l151xc.o(.text) refers (Special) to heapauxi.o(.text) for __use_two_region_memory
    startup_stm32l151xc.o(.text) refers to system_stm32l1xx.o(i.SystemInit) for SystemInit
    startup_stm32l151xc.o(.text) refers to __main.o(!!!main) for __main
    startup_stm32l151xc.o(.text) refers to startup_stm32l151xc.o(HEAP) for Heap_Mem
    startup_stm32l151xc.o(.text) refers to startup_stm32l151xc.o(STACK) for Stack_Mem
    motor.o(i.calculate_step_pwm) refers to fflt_clz.o(x$fpl$fflt) for __aeabi_i2f
    motor.o(i.calculate_step_pwm) refers to fmul.o(x$fpl$fmul) for __aeabi_fmul
    motor.o(i.calculate_step_pwm) refers to ffix.o(x$fpl$ffix) for __aeabi_f2iz
    motor.o(i.car_turn) refers to motor.o(.constdata) for .constdata
    motor.o(i.car_turn) refers to tim.o(.bss) for htim2
    motor.o(i.car_turn_soft) refers to stm32l1xx_hal_gpio.o(i.HAL_GPIO_ReadPin) for HAL_GPIO_ReadPin
    motor.o(i.car_turn_soft) refers to fflt_clz.o(x$fpl$ffltu) for __aeabi_ui2f
    motor.o(i.car_turn_soft) refers to fdiv.o(x$fpl$fdiv) for __aeabi_fdiv
    motor.o(i.car_turn_soft) refers to motor.o(i.channel_to_index) for channel_to_index
    motor.o(i.car_turn_soft) refers to motor.o(i.calculate_step_pwm) for calculate_step_pwm
    motor.o(i.car_turn_soft) refers to stm32l1xx_hal.o(i.HAL_Delay) for HAL_Delay
    motor.o(i.car_turn_soft) refers to motor.o(.constdata) for .constdata
    motor.o(i.car_turn_soft) refers to tim.o(.bss) for htim2
    motor.o(i.motor_gpio_set_direction) refers to stm32l1xx_hal_gpio.o(i.HAL_GPIO_WritePin) for HAL_GPIO_WritePin
    motor.o(i.motor_soft_stop) refers to stm32l1xx_hal.o(i.HAL_Delay) for HAL_Delay
    motor.o(i.motor_soft_stop) refers to tim.o(.bss) for htim2
    motor.o(i.motor_stop) refers to tim.o(.bss) for htim2
    motor.o(i.motors_set_speed_soft) refers to motor.o(i.motor_gpio_set_direction) for motor_gpio_set_direction
    motor.o(i.motors_set_speed_soft) refers to stm32l1xx_hal.o(i.HAL_Delay) for HAL_Delay
    motor.o(i.motors_set_speed_soft) refers to motor.o(.constdata) for .constdata
    motor.o(i.motors_set_speed_soft) refers to tim.o(.bss) for htim2
    motor.o(i.my_motor_car_run) refers to motor.o(i.motors_set_speed_soft) for motors_set_speed_soft
    motor.o(i.my_motor_car_stop) refers to motor.o(i.stop_all_motors_sync) for stop_all_motors_sync
    motor.o(i.my_motor_control_task) refers to main.o(i.print_log) for print_log
    motor.o(i.my_motor_control_task) refers to stm32l1xx_hal_gpio.o(i.HAL_GPIO_ReadPin) for HAL_GPIO_ReadPin
    motor.o(i.my_motor_control_task) refers to motor.o(i.my_motor_car_stop) for my_motor_car_stop
    motor.o(i.my_motor_control_task) refers to stm32l1xx_hal.o(i.HAL_Delay) for HAL_Delay
[...]
    ..\Drivers\STM32L1xx_HAL_Driver\Src\stm32l1xx_hal_pwr_ex.c 0x00000000   Number         0  stm32l1xx_hal_pwr_ex.o ABSOLUTE
    ..\Drivers\STM32L1xx_HAL_Driver\Src\stm32l1xx_hal_rcc.c 0x00000000   Number         0  stm32l1xx_hal_rcc.o ABSOLUTE
    ..\Drivers\STM32L1xx_HAL_Driver\Src\stm32l1xx_hal_rcc_ex.c 0x00000000   Number         0  stm32l1xx_hal_rcc_ex.o ABSOLUTE
    ..\Drivers\STM32L1xx_HAL_Driver\Src\stm32l1xx_hal_tim.c 0x00000000   Number         0  stm32l1xx_hal_tim.o ABSOLUTE
    ..\Drivers\STM32L1xx_HAL_Driver\Src\stm32l1xx_hal_tim_ex.c 0x00000000   Number         0  stm32l1xx_hal_tim_ex.o ABSOLUTE
    ..\Drivers\STM32L1xx_HAL_Driver\Src\stm32l1xx_hal_uart.c 0x00000000   Number         0  stm32l1xx_hal_uart.o ABSOLUTE
    ..\Motor\HC_SR04.c                       0x00000000   Number         0  hc_sr04.o ABSOLUTE
    ..\Motor\motor.c                         0x00000000   Number         0  motor.o ABSOLUTE
    ..\RTT\SEGGER_RTT.c                      0x00000000   Number         0  segger_rtt.o ABSOLUTE
    ..\RTT\SEGGER_RTT_printf.c               0x00000000   Number         0  segger_rtt_printf.o ABSOLUTE
    ..\\Motor\\HC_SR04.c                     0x00000000   Number         0  hc_sr04.o ABSOLUTE
    ..\\Motor\\motor.c                       0x00000000   Number         0  motor.o ABSOLUTE
    dc.s                                     0x00000000   Number         0  dc.o ABSOLUTE
    startup_stm32l151xc.s                    0x00000000   Number         0  startup_stm32l151xc.o ABSOLUTE
    RESET                                    0x08000000   Section      292  startup_stm32l151xc.o(RESET)
    !!!main                                  0x08000124   Section        8  __main.o(!!!main)
    !!!scatter                               0x0800012c   Section       52  __scatter.o(!!!scatter)
    !!handler_copy                           0x08000160   Section       26  __scatter_copy.o(!!handler_copy)
    !!handler_zi                             0x0800017c   Section       28  __scatter_zi.o(!!handler_zi)
    .ARM.Collect$$libinit$$00000000          0x08000198   Section        2  libinit.o(.ARM.Collect$$libinit$$00000000)
    .ARM.Collect$$libinit$$00000002          0x0800019a   Section        0  libinit2.o(.ARM.Collect$$libinit$$00000002)
    .ARM.Collect$$libinit$$00000004          0x0800019a   Section        0  libinit2.o(.ARM.Collect$$libinit$$00000004)
    .ARM.Collect$$libinit$$0000000A          0x0800019a   Section        0  libinit2.o(.ARM.Collect$$libinit$$0000000A)
    .ARM.Collect$$libinit$$0000000C          0x0800019a   Section        0  libinit2.o(.ARM.Collect$$libinit$$0000000C)
    .ARM.Collect$$libinit$$0000000E          0x0800019a   Section        0  libinit2.o(.ARM.Collect$$libinit$$0000000E)
    .ARM.Collect$$libinit$$00000011          0x0800019a   Section        0  libinit2.o(.ARM.Collect$$libinit$$00000011)
    .ARM.Collect$$libinit$$00000013          0x0800019a   Section        0  libinit2.o(.ARM.Collect$$libinit$$00000013)
    .ARM.Collect$$libinit$$00000015          0x0800019a   Section        0  libinit2.o(.ARM.Collect$$libinit$$00000015)
    .ARM.Collect$$libinit$$00000017          0x0800019a   Section        0  libinit2.o(.ARM.Collect$$libinit$$00000017)
    .ARM.Collect$$libinit$$00000019          0x0800019a   Section        0  libinit2.o(.ARM.Collect$$libinit$$00000019)
    .ARM.Collect$$libinit$$0000001B          0x0800019a   Section        0  libinit2.o(.ARM.Collect$$libinit$$0000001B)
    .ARM.Collect$$libinit$$0000001D          0x0800019a   Section        0  libinit2.o(.ARM.Collect$$libinit$$0000001D)
    .ARM.Collect$$libinit$$0000001F          0x0800019a   Section        0  libinit2.o(.ARM.Collect$$libinit$$0000001F)
    .ARM.Collect$$libinit$$00000021          0x0800019a   Section        0  libinit2.o(.ARM.Collect$$libinit$$00000021)
    .ARM.Collect$$libinit$$00000023          0x0800019a   Section        0  libinit2.o(.ARM.Collect$$libinit$$00000023)
    .ARM.Collect$$libinit$$00000025          0x0800019a   Section        0  libinit2.o(.ARM.Collect$$libinit$$00000025)
    .ARM.Collect$$libinit$$0000002C          0x0800019a   Section        0  libinit2.o(.ARM.Collect$$libinit$$0000002C)
    .ARM.Collect$$libinit$$0000002E          0x0800019a   Section        0  libinit2.o(.ARM.Collect$$libinit$$0000002E)
    .ARM.Collect$$libinit$$00000030          0x0800019a   Section        0  libinit2.o(.ARM.Collect$$libinit$$00000030)
    .ARM.Collect$$libinit$$00000032          0x0800019a   Section        0  libinit2.o(.ARM.Collect$$libinit$$00000032)
    .ARM.Collect$$libinit$$00000033          0x0800019a   Section        2  libinit2.o(.ARM.Collect$$libinit$$00000033)
    .ARM.Collect$$libshutdown$$00000000      0x0800019c   Section        2  libshutdown.o(.ARM.Collect$$libshutdown$$00000000)
    .ARM.Collect$$libshutdown$$00000002      0x0800019e   Section        0  libshutdown2.o(.ARM.Collect$$libshutdown$$00000002)
    .ARM.Collect$$libshutdown$$00000004      0x0800019e   Section        0  libshutdown2.o(.ARM.Collect$$libshutdown$$00000004)
    .ARM.Collect$$libshutdown$$00000007      0x0800019e   Section        0  libshutdown2.o(.ARM.Collect$$libshutdown$$00000007)
    .ARM.Collect$$libshutdown$$0000000A      0x0800019e   Section        0  libshutdown2.o(.ARM.Collect$$libshutdown$$0000000A)
    .ARM.Collect$$libshutdown$$0000000C      0x0800019e   Section        0  libshutdown2.o(.ARM.Collect$$libshutdown$$0000000C)
    .ARM.Collect$$libshutdown$$0000000F      0x0800019e   Section        0  libshutdown2.o(.ARM.Collect$$libshutdown$$0000000F)
    .ARM.Collect$$libshutdown$$00000010      0x0800019e   Section        2  libshutdown2.o(.ARM.Collect$$libshutdown$$00000010)
    .ARM.Collect$$rtentry$$00000000          0x080001a0   Section        0  __rtentry.o(.ARM.Collect$$rtentry$$00000000)
    .ARM.Collect$$rtentry$$00000002          0x080001a0   Section        0  __rtentry2.o(.ARM.Collect$$rtentry$$00000002)
    .ARM.Collect$$rtentry$$00000004          0x080001a0   Section        6  __rtentry4.o(.ARM.Collect$$rtentry$$00000004)
    .ARM.Collect$$rtentry$$00000009          0x080001a6   Section        0  __rtentry2.o(.ARM.Collect$$rtentry$$00000009)
    .ARM.Collect$$rtentry$$0000000A          0x080001a6   Section        4  __rtentry2.o(.ARM.Collect$$rtentry$$0000000A)
    .ARM.Collect$$rtentry$$0000000C          0x080001aa   Section        0  __rtentry2.o(.ARM.Collect$$rtentry$$0000000C)
    .ARM.Collect$$rtentry$$0000000D          0x080001aa   Section        8  __rtentry2.o(.ARM.Collect$$rtentry$$0000000D)
    .ARM.Collect$$rtexit$$00000000           0x080001b2   Section        2  rtexit.o(.ARM.Collect$$rtexit$$00000000)
    .ARM.Collect$$rtexit$$00000002           0x080001b4   Section        0  rtexit2.o(.ARM.Collect$$rtexit$$00000002)
    .ARM.Collect$$rtexit$$00000003           0x080001b4   Section        4  rtexit2.o(.ARM.Collect$$rtexit$$00000003)
    .ARM.Collect$$rtexit$$00000004           0x080001b8   Section        6  rtexit2.o(.ARM.Collect$$rtexit$$00000004)
    .text                                    0x080001c0   Section       64  startup_stm32l151xc.o(.text)
    .text                                    0x08000200   Section      238  lludivv7m.o(.text)
    .text                                    0x080002ee   Section        0  strcpy.o(.text)
    .text                                    0x08000336   Section      138  rt_memcpy_v6.o(.text)
    .text                                    0x080003c0   Section       68  rt_memclr.o(.text)
    .text                                    0x08000404   Section       78  rt_memclr_w.o(.text)
    .text                                    0x08000452   Section        0  heapauxi.o(.text)
    .text                                    0x08000458   Section      100  rt_memcpy_w.o(.text)
    .text                                    0x080004bc   Section       74  sys_stackheap_outer.o(.text)
    .text                                    0x08000506   Section        0  exit.o(.text)
    .text                                    0x08000518   Section        8  libspace.o(.text)
    .text                                    0x08000520   Section        0  sys_exit.o(.text)
    .text                                    0x0800052c   Section        2  use_no_semi.o(.text)
    .text                                    0x0800052e   Section        0  indicate_semi.o(.text)
    i.BusFault_Handler                       0x0800052e   Section        0  stm32l1xx_it.o(i.BusFault_Handler)
    i.DMA1_Channel4_IRQHandler               0x08000534   Section        0  stm32l1xx_it.o(i.DMA1_Channel4_IRQHandler)
    i.DMA1_Channel5_IRQHandler               0x08000544   Section        0  stm32l1xx_it.o(i.DMA1_Channel5_IRQHandler)
    i.DMA_SetConfig                          0x08000554   Section        0  stm32l1xx_hal_dma.o(i.DMA_SetConfig)
    DMA_SetConfig                            0x08000555   Thumb Code    48  stm32l1xx_hal_dma.o(i.DMA_SetConfig)
    i.DebugMon_Handler                       0x08000584   Section        0  stm32l1xx_it.o(i.DebugMon_Handler)
    i.EXTI0_IRQHandler                       0x08000586   Section        0  stm32l1xx_it.o(i.EXTI0_IRQHandler)
    i.EXTI2_IRQHandler                       0x08000590   Section        0  stm32l1xx_it.o(i.EXTI2_IRQHandler)
    i.Error_Handler                          0x0800059a   Section        0  main.o(i.Error_Handler)
    i.HAL_DMA_Abort                          0x080005a0   Section        0  stm32l1xx_hal_dma.o(i.HAL_DMA_Abort)
    i.HAL_DMA_Abort_IT                       0x080005fa   Section        0  stm32l1xx_hal_dma.o(i.HAL_DMA_Abort_IT)
    i.HAL_DMA_IRQHandler                     0x08000656   Section        0  stm32l1xx_hal_dma.o(i.HAL_DMA_IRQHandler)
    i.HAL_DMA_Init                           0x08000754   Section        0  stm32l1xx_hal_dma.o(i.HAL_DMA_Init)
    i.HAL_DMA_Start_IT                       0x080007e0   Section        0  stm32l1xx_hal_dma.o(i.HAL_DMA_Start_IT)
    i.HAL_Delay                              0x0800087c   Section        0  stm32l1xx_hal.o(i.HAL_Delay)
    i.HAL_GPIO_EXTI_Callback                 0x080008a4   Section        0  stm32l1xx_hal_gpio.o(i.HAL_GPIO_EXTI_Callback)
    i.HAL_GPIO_EXTI_IRQHandler               0x080008a8   Section        0  stm32l1xx_hal_gpio.o(i.HAL_GPIO_EXTI_IRQHandler)
    i.HAL_GPIO_Init                          0x080008c4   Section        0  stm32l1xx_hal_gpio.o(i.HAL_GPIO_Init)
    i.HAL_GPIO_ReadPin                       0x08000a88   Section        0  stm32l1xx_hal_gpio.o(i.HAL_GPIO_ReadPin)
    i.HAL_GPIO_WritePin                      0x08000a98   Section        0  stm32l1xx_hal_gpio.o(i.HAL_GPIO_WritePin)
    i.HAL_GetTick                            0x08000aa4   Section        0  stm32l1xx_hal.o(i.HAL_GetTick)
    i.HAL_IncTick                            0x08000ab0   Section        0  stm32l1xx_hal.o(i.HAL_IncTick)
    i.HAL_Init                               0x08000ac8   Section        0  stm32l1xx_hal.o(i.HAL_Init)
    i.HAL_InitTick                           0x08000ae8   Section        0  stm32l1xx_hal.o(i.HAL_InitTick)
    i.HAL_MspInit                            0x08000b40   Section        0  stm32l1xx_hal_msp.o(i.HAL_MspInit)
    i.HAL_NVIC_EnableIRQ                     0x08000b9c   Section        0  stm32l1xx_hal_cortex.o(i.HAL_NVIC_EnableIRQ)
    i.HAL_NVIC_SetPriority                   0x08000bbc   Section        0  stm32l1xx_hal_cortex.o(i.HAL_NVIC_SetPriority)
    i.HAL_NVIC_SetPriorityGrouping           0x08000c38   Section        0  stm32l1xx_hal_cortex.o(i.HAL_NVIC_SetPriorityGrouping)
    i.HAL_NVIC_SystemReset                   0x08000c60   Section        0  stm32l1xx_hal_cortex.o(i.HAL_NVIC_SystemReset)
    i.HAL_RCC_ClockConfig                    0x08000ca4   Section        0  stm32l1xx_hal_rcc.o(i.HAL_RCC_ClockConfig)
    i.HAL_RCC_GetHCLKFreq                    0x08000ec4   Section        0  stm32l1xx_hal_rcc.o(i.HAL_RCC_GetHCLKFreq)
    i.HAL_RCC_GetPCLK1Freq                   0x08000ed0   Section        0  stm32l1xx_hal_rcc.o(i.HAL_RCC_GetPCLK1Freq)
    i.HAL_RCC_GetPCLK2Freq                   0x08000ef0   Section        0  stm32l1xx_hal_rcc.o(i.HAL_RCC_GetPCLK2Freq)
    i.HAL_RCC_GetSysClockFreq                0x08000f10   Section        0  stm32l1xx_hal_rcc.o(i.HAL_RCC_GetSysClockFreq)
    i.HAL_RCC_OscConfig                      0x08000fb0   Section        0  stm32l1xx_hal_rcc.o(i.HAL_RCC_OscConfig)
    i.HAL_SYSTICK_Config                     0x08001580   Section        0  stm32l1xx_hal_cortex.o(i.HAL_SYSTICK_Config)
    i.HAL_TIMEx_MasterConfigSynchronization  0x080015b4   Section        0  stm32l1xx_hal_tim_ex.o(i.HAL_TIMEx_MasterConfigSynchronization)
    i.HAL_TIM_Base_Init                      0x08001638   Section        0  stm32l1xx_hal_tim.o(i.HAL_TIM_Base_Init)
    i.HAL_TIM_Base_MspInit                   0x08001688   Section        0  tim.o(i.HAL_TIM_Base_MspInit)
    i.HAL_TIM_Base_Start_IT                  0x08001700   Section        0  stm32l1xx_hal_tim.o(i.HAL_TIM_Base_Start_IT)
    i.HAL_TIM_ConfigClockSource              0x08001778   Section        0  stm32l1xx_hal_tim.o(i.HAL_TIM_ConfigClockSource)
    i.HAL_TIM_IC_CaptureCallback             0x08001884   Section        0  stm32l1xx_hal_tim.o(i.HAL_TIM_IC_CaptureCallback)
    i.HAL_TIM_IRQHandler                     0x08001886   Section        0  stm32l1xx_hal_tim.o(i.HAL_TIM_IRQHandler)
    i.HAL_TIM_MspPostInit                    0x080019bc   Section        0  tim.o(i.HAL_TIM_MspPostInit)
    i.HAL_TIM_OC_DelayElapsedCallback        0x08001a18   Section        0  stm32l1xx_hal_tim.o(i.HAL_TIM_OC_DelayElapsedCallback)
    i.HAL_TIM_PWM_ConfigChannel              0x08001a1a   Section        0  stm32l1xx_hal_tim.o(i.HAL_TIM_PWM_ConfigChannel)
    i.HAL_TIM_PWM_Init                       0x08001b1e   Section        0  stm32l1xx_hal_tim.o(i.HAL_TIM_PWM_Init)
    i.HAL_TIM_PWM_MspInit                    0x08001b6e   Section        0  stm32l1xx_hal_tim.o(i.HAL_TIM_PWM_MspInit)
    i.HAL_TIM_PWM_PulseFinishedCallback      0x08001b70   Section        0  stm32l1xx_hal_tim.o(i.HAL_TIM_PWM_PulseFinishedCallback)
    i.HAL_TIM_PWM_Start                      0x08001b74   Section        0  stm32l1xx_hal_tim.o(i.HAL_TIM_PWM_Start)
    i.HAL_TIM_PeriodElapsedCallback          0x08001c2c   Section        0  stm32l1xx_hal_tim.o(i.HAL_TIM_PeriodElapsedCallback)
    i.HAL_TIM_TriggerCallback                0x08001c2e   Section        0  stm32l1xx_hal_tim.o(i.HAL_TIM_TriggerCallback)
    i.HAL_UARTEx_RxEventCallback             0x08001c30   Section        0  stm32l1xx_hal_uart.o(i.HAL_UARTEx_RxEventCallback)
    i.HAL_UART_DMAStop                       0x08001c32   Section        0  stm32l1xx_hal_uart.o(i.HAL_UART_DMAStop)
    i.HAL_UART_ErrorCallback                 0x08001cbc   Section        0  stm32l1xx_hal_uart.o(i.HAL_UART_ErrorCallback)
    i.HAL_UART_IRQHandler                    0x08001cc0   Section        0  stm32l1xx_hal_uart.o(i.HAL_UART_IRQHandler)
    i.HAL_UART_Init                          0x08001fc4   Section        0  stm32l1xx_hal_uart.o(i.HAL_UART_Init)
    i.HAL_UART_MspInit                       0x0800203c   Section        0  usart.o(i.HAL_UART_MspInit)
    i.HAL_UART_Receive_DMA                   0x0800213c   Section        0  stm32l1xx_hal_uart.o(i.HAL_UART_Receive_DMA)
    i.HAL_UART_RxCpltCallback                0x08002168   Section        0  stm32l1xx_hal_uart.o(i.HAL_UART_RxCpltCallback)
    i.HAL_UART_RxHalfCpltCallback            0x0800216a   Section        0  stm32l1xx_hal_uart.o(i.HAL_UART_RxHalfCpltCallback)
    i.HAL_UART_Transmit_DMA                  0x0800216c   Section        0  stm32l1xx_hal_uart.o(i.HAL_UART_Transmit_DMA)
    i.HAL_UART_TxCpltCallback                0x08002208   Section        0  stm32l1xx_hal_uart.o(i.HAL_UART_TxCpltCallback)
    i.HAL_UART_TxHalfCpltCallback            0x0800220a   Section        0  stm32l1xx_hal_uart.o(i.HAL_UART_TxHalfCpltCallback)
    i.HardFault_Handler                      0x0800220c   Section        0  stm32l1xx_it.o(i.HardFault_Handler)
    i.MX_DMA_Init                            0x08002210   Section        0  dma.o(i.MX_DMA_Init)
    i.MX_GPIO_Init                           0x08002254   Section        0  gpio.o(i.MX_GPIO_Init)
    i.MX_TIM2_Init                           0x08002364   Section        0  tim.o(i.MX_TIM2_Init)
    i.MX_TIM3_Init                           0x08002428   Section        0  tim.o(i.MX_TIM3_Init)
    i.MX_USART1_UART_Init                    0x08002498   Section        0  usart.o(i.MX_USART1_UART_Init)
    i.MemManage_Handler                      0x080024d0   Section        0  stm32l1xx_it.o(i.MemManage_Handler)
    i.NMI_Handler                            0x080024d4   Section        0  stm32l1xx_it.o(i.NMI_Handler)
    i.PendSV_Handler                         0x080024d8   Section        0  stm32l1xx_it.o(i.PendSV_Handler)
    i.RCC_SetFlashLatencyFromMSIRange        0x080024dc   Section        0  stm32l1xx_hal_rcc.o(i.RCC_SetFlashLatencyFromMSIRange)
    RCC_SetFlashLatencyFromMSIRange          0x080024dd   Thumb Code   156  stm32l1xx_hal_rcc.o(i.RCC_SetFlashLatencyFromMSIRange)
    i.SEGGER_RTT_Init                        0x08002584   Section        0  segger_rtt.o(i.SEGGER_RTT_Init)
    i.SEGGER_RTT_Write                       0x0800258c   Section        0  segger_rtt.o(i.SEGGER_RTT_Write)
    i.SEGGER_RTT_WriteNoLock                 0x080025d4   Section        0  segger_rtt.o(i.SEGGER_RTT_WriteNoLock)
    i.SEGGER_RTT_vprintf                     0x08002658   Section        0  segger_rtt_printf.o(i.SEGGER_RTT_vprintf)
    i.SVC_Handler                            0x08002862   Section        0  stm32l1xx_it.o(i.SVC_Handler)
    i.SysTick_Handler                        0x08002864   Section        0  stm32l1xx_it.o(i.SysTick_Handler)
    i.SystemClock_Config                     0x0800286c   Section        0  main.o(i.SystemClock_Config)
    i.SystemInit                             0x080028e0   Section        0  system_stm32l1xx.o(i.SystemInit)
    i.TIM2_IRQHandler                        0x080028e4   Section        0  stm32l1xx_it.o(i.TIM2_IRQHandler)
    i.TIM3_IRQHandler                        0x080028f4   Section        0  stm32l1xx_it.o(i.TIM3_IRQHandler)
    i.TIM_Base_SetConfig                     0x08002904   Section        0  stm32l1xx_hal_tim.o(i.TIM_Base_SetConfig)
    TIM_Base_SetConfig                       0x08002905   Thumb Code   126  stm32l1xx_hal_tim.o(i.TIM_Base_SetConfig)
    i.TIM_CCxChannelCmd                      0x0800299c   Section        0  stm32l1xx_hal_tim.o(i.TIM_CCxChannelCmd)
    TIM_CCxChannelCmd                        0x0800299d   Thumb Code    34  stm32l1xx_hal_tim.o(i.TIM_CCxChannelCmd)
    i.TIM_ETR_SetConfig                      0x080029be   Section        0  stm32l1xx_hal_tim.o(i.TIM_ETR_SetConfig)
    TIM_ETR_SetConfig                        0x080029bf   Thumb Code    22  stm32l1xx_hal_tim.o(i.TIM_ETR_SetConfig)
    i.TIM_ITRx_SetConfig                     0x080029d4   Section        0  stm32l1xx_hal_tim.o(i.TIM_ITRx_SetConfig)
    TIM_ITRx_SetConfig                       0x080029d5   Thumb Code    18  stm32l1xx_hal_tim.o(i.TIM_ITRx_SetConfig)
    i.TIM_OC1_SetConfig                      0x080029e6   Section        0  stm32l1xx_hal_tim.o(i.TIM_OC1_SetConfig)
    TIM_OC1_SetConfig                        0x080029e7   Thumb Code    48  stm32l1xx_hal_tim.o(i.TIM_OC1_SetConfig)
    i.TIM_OC2_SetConfig                      0x08002a16   Section        0  stm32l1xx_hal_tim.o(i.TIM_OC2_SetConfig)
    TIM_OC2_SetConfig                        0x08002a17   Thumb Code    52  stm32l1xx_hal_tim.o(i.TIM_OC2_SetConfig)
    i.TIM_OC3_SetConfig                      0x08002a4a   Section        0  stm32l1xx_hal_tim.o(i.TIM_OC3_SetConfig)
    TIM_OC3_SetConfig                        0x08002a4b   Thumb Code    50  stm32l1xx_hal_tim.o(i.TIM_OC3_SetConfig)
    i.TIM_OC4_SetConfig                      0x08002a7c   Section        0  stm32l1xx_hal_tim.o(i.TIM_OC4_SetConfig)
    TIM_OC4_SetConfig                        0x08002a7d   Thumb Code    52  stm32l1xx_hal_tim.o(i.TIM_OC4_SetConfig)
    i.TIM_TI1_ConfigInputStage               0x08002ab0   Section        0  stm32l1xx_hal_tim.o(i.TIM_TI1_ConfigInputStage)
    TIM_TI1_ConfigInputStage                 0x08002ab1   Thumb Code    38  stm32l1xx_hal_tim.o(i.TIM_TI1_ConfigInputStage)
    i.TIM_TI2_ConfigInputStage               0x08002ad6   Section        0  stm32l1xx_hal_tim.o(i.TIM_TI2_ConfigInputStage)
    TIM_TI2_ConfigInputStage                 0x08002ad7   Thumb Code    40  stm32l1xx_hal_tim.o(i.TIM_TI2_ConfigInputStage)
    i.UART_DMAAbortOnError                   0x08002afe   Section        0  stm32l1xx_hal_uart.o(i.UART_DMAAbortOnError)
    UART_DMAAbortOnError                     0x08002aff   Thumb Code    18  stm32l1xx_hal_uart.o(i.UART_DMAAbortOnError)
    i.UART_DMAError                          0x08002b10   Section        0  stm32l1xx_hal_uart.o(i.UART_DMAError)
    UART_DMAError                            0x08002b11   Thumb Code    80  stm32l1xx_hal_uart.o(i.UART_DMAError)
    i.UART_DMAReceiveCplt                    0x08002b60   Section        0  stm32l1xx_hal_uart.o(i.UART_DMAReceiveCplt)
    UART_DMAReceiveCplt                      0x08002b61   Thumb Code   180  stm32l1xx_hal_uart.o(i.UART_DMAReceiveCplt)
    i.UART_DMARxHalfCplt                     0x08002c14   Section        0  stm32l1xx_hal_uart.o(i.UART_DMARxHalfCplt)
    UART_DMARxHalfCplt                       0x08002c15   Thumb Code    36  stm32l1xx_hal_uart.o(i.UART_DMARxHalfCplt)
    i.UART_DMATransmitCplt                   0x08002c38   Section        0  stm32l1xx_hal_uart.o(i.UART_DMATransmitCplt)
    UART_DMATransmitCplt                     0x08002c39   Thumb Code    88  stm32l1xx_hal_uart.o(i.UART_DMATransmitCplt)
    i.UART_DMATxHalfCplt                     0x08002c90   Section        0  stm32l1xx_hal_uart.o(i.UART_DMATxHalfCplt)
    UART_DMATxHalfCplt                       0x08002c91   Thumb Code    14  stm32l1xx_hal_uart.o(i.UART_DMATxHalfCplt)
    i.UART_EndRxTransfer                     0x08002c9e   Section        0  stm32l1xx_hal_uart.o(i.UART_EndRxTransfer)
    UART_EndRxTransfer                       0x08002c9f   Thumb Code   108  stm32l1xx_hal_uart.o(i.UART_EndRxTransfer)
    i.UART_EndTransmit_IT                    0x08002d0a   Section        0  stm32l1xx_hal_uart.o(i.UART_EndTransmit_IT)
    UART_EndTransmit_IT                      0x08002d0b   Thumb Code    32  stm32l1xx_hal_uart.o(i.UART_EndTransmit_IT)
    i.UART_EndTxTransfer                     0x08002d2a   Section        0  stm32l1xx_hal_uart.o(i.UART_EndTxTransfer)
    UART_EndTxTransfer                       0x08002d2b   Thumb Code    38  stm32l1xx_hal_uart.o(i.UART_EndTxTransfer)
    i.UART_Receive_IT                        0x08002d50   Section        0  stm32l1xx_hal_uart.o(i.UART_Receive_IT)
    UART_Receive_IT                          0x08002d51   Thumb Code   252  stm32l1xx_hal_uart.o(i.UART_Receive_IT)
    i.UART_SetConfig                         0x08002e4c   Section        0  stm32l1xx_hal_uart.o(i.UART_SetConfig)
    UART_SetConfig                           0x08002e4d   Thumb Code   428  stm32l1xx_hal_uart.o(i.UART_SetConfig)
    i.UART_Start_Receive_DMA                 0x08002ffc   Section        0  stm32l1xx_hal_uart.o(i.UART_Start_Receive_DMA)
    i.UART_Transmit_IT                       0x080030d4   Section        0  stm32l1xx_hal_uart.o(i.UART_Transmit_IT)
    UART_Transmit_IT                         0x080030d5   Thumb Code    96  stm32l1xx_hal_uart.o(i.UART_Transmit_IT)
    i.USART1_IRQHandler                      0x08003134   Section        0  stm32l1xx_it.o(i.USART1_IRQHandler)
    i.UsageFault_Handler                     0x080031bc   Section        0  stm32l1xx_it.o(i.UsageFault_Handler)
    i._DoInit                                0x080031c0   Section        0  segger_rtt.o(i._DoInit)
    _DoInit                                  0x080031c1   Thumb Code    74  segger_rtt.o(i._DoInit)
    i._GetAvailWriteSpace                    0x08003230   Section        0  segger_rtt.o(i._GetAvailWriteSpace)
    _GetAvailWriteSpace                      0x08003231   Thumb Code    28  segger_rtt.o(i._GetAvailWriteSpace)
    i._PrintInt                              0x0800324c   Section        0  segger_rtt_printf.o(i._PrintInt)
    _PrintInt                                0x0800324d   Thumb Code   236  segger_rtt_printf.o(i._PrintInt)
    i._PrintUnsigned                         0x08003338   Section        0  segger_rtt_printf.o(i._PrintUnsigned)
    _PrintUnsigned                           0x08003339   Thumb Code   230  segger_rtt_printf.o(i._PrintUnsigned)
    i._StoreChar                             0x08003424   Section        0  segger_rtt_printf.o(i._StoreChar)
    _StoreChar                               0x08003425   Thumb Code    68  segger_rtt_printf.o(i._StoreChar)
    i._WriteBlocking                         0x08003468   Section        0  segger_rtt.o(i._WriteBlocking)
    _WriteBlocking                           0x08003469   Thumb Code   114  segger_rtt.o(i._WriteBlocking)
    i._WriteNoCheck                          0x080034da   Section        0  segger_rtt.o(i._WriteNoCheck)
    _WriteNoCheck                            0x080034db   Thumb Code    76  segger_rtt.o(i._WriteNoCheck)
    i.__NVIC_GetPriorityGrouping             0x08003528   Section        0  stm32l1xx_hal_cortex.o(i.__NVIC_GetPriorityGrouping)
    __NVIC_GetPriorityGrouping               0x08003529   Thumb Code    10  stm32l1xx_hal_cortex.o(i.__NVIC_GetPriorityGrouping)
    i.__NVIC_SetPriority                     0x08003538   Section        0  stm32l1xx_hal_cortex.o(i.__NVIC_SetPriority)
    __NVIC_SetPriority                       0x08003539   Thumb Code    32  stm32l1xx_hal_cortex.o(i.__NVIC_SetPriority)
    i.calculate_step_pwm                     0x08003560   Section        0  motor.o(i.calculate_step_pwm)
    calculate_step_pwm                       0x08003561   Thumb Code    62  motor.o(i.calculate_step_pwm)
    i.car_turn_soft                          0x080035a0   Section        0  motor.o(i.car_turn_soft)
    i.channel_to_index                       0x08003820   Section        0  motor.o(i.channel_to_index)
    channel_to_index                         0x08003821   Thumb Code    10  motor.o(i.channel_to_index)
    i.control_protocol_analysis              0x0800382c   Section        0  usart.o(i.control_protocol_analysis)
    i.main                                   0x0800390c   Section        0  main.o(i.main)
    i.motor_gpio_set_direction               0x080039cc   Section        0  motor.o(i.motor_gpio_set_direction)
    i.motors_set_speed_soft                  0x08003a74   Section        0  motor.o(i.motors_set_speed_soft)
    i.my_check_code_analysis                 0x08003c84   Section        0  usart.o(i.my_check_code_analysis)
    i.my_check_code_calculate                0x08003cc8   Section        0  usart.o(i.my_check_code_calculate)
    i.my_motor_car_run                       0x08003ce6   Section        0  motor.o(i.my_motor_car_run)
    i.my_motor_car_stop                      0x08003cf8   Section        0  motor.o(i.my_motor_car_stop)
    i.my_motor_control_protocol_analysis     0x08003d04   Section        0  usart.o(i.my_motor_control_protocol_analysis)
    i.my_motor_control_task                  0x08003de0   Section        0  motor.o(i.my_motor_control_task)
    i.my_set_car_stop_func                   0x08003f28   Section        0  usart.o(i.my_set_car_stop_func)
    i.my_uart3_tx_to_BLE                     0x08003f4c   Section        0  usart.o(i.my_uart3_tx_to_BLE)
    i.print_array_hex                        0x08004140   Section        0  main.o(i.print_array_hex)
    i.print_log                              0x080041bc   Section        0  main.o(i.print_log)
    i.segger_rtt_init                        0x080041d8   Section        0  main.o(i.segger_rtt_init)
    i.stop_all_motors_sync                   0x080041e8   Section        0  motor.o(i.stop_all_motors_sync)
    x$fpl$fdiv                               0x080042b8   Section      388  fdiv.o(x$fpl$fdiv)
    _fdiv1                                   0x080042b9   Thumb Code     0  fdiv.o(x$fpl$fdiv)
    x$fpl$ffix                               0x0800443c   Section       54  ffix.o(x$fpl$ffix)
    x$fpl$fflt                               0x08004474   Section       48  fflt_clz.o(x$fpl$fflt)
    x$fpl$ffltu                              0x080044a4   Section       38  fflt_clz.o(x$fpl$ffltu)
    x$fpl$fmul                               0x080044cc   Section      258  fmul.o(x$fpl$fmul)
    x$fpl$fnaninf                            0x080045ce   Section      140  fnaninf.o(x$fpl$fnaninf)
    x$fpl$fretinf                            0x0800465a   Section       10  fretinf.o(x$fpl$fretinf)
    .constdata                               0x08004664   Section       38  motor.o(.constdata)
    x$fpl$usenofp                            0x08004664   Section        0  usenofp.o(x$fpl$usenofp)
    .constdata                               0x0800468a   Section       33  system_stm32l1xx.o(.constdata)
    .constdata                               0x080046ab   Section       16  segger_rtt_printf.o(.constdata)
    _aV2C                                    0x080046ab   Data          16  segger_rtt_printf.o(.constdata)
    .data                                    0x20000000   Section        4  motor.o(.data)
    .data                                    0x20000004   Section        3  main.o(.data)
    .data                                    0x20000007   Section        1  usart.o(.data)
    len                                      0x20000007   Data           1  usart.o(.data)
    .data                                    0x20000008   Section       12  stm32l1xx_hal.o(.data)
    .data                                    0x20000014   Section        4  system_stm32l1xx.o(.data)
    .bss                                     0x20000018   Section      256  main.o(.bss)
    .bss                                     0x20000118   Section      128  tim.o(.bss)
    .bss                                     0x20000198   Section      228  usart.o(.bss)
    temp_txbuf                               0x20000268   Data          20  usart.o(.bss)
    .bss                                     0x2000027c   Section     1208  segger_rtt.o(.bss)
    _acUpBuffer                              0x20000324   Data        1024  segger_rtt.o(.bss)
    _acDownBuffer                            0x20000724   Data          16  segger_rtt.o(.bss)
    .bss                                     0x20000734   Section       96  libspace.o(.bss)
    HEAP                                     0x20000798   Section      512  startup_stm32l151xc.o(HEAP)
    Heap_Mem                                 0x20000798   Data         512  startup_stm32l151xc.o(HEAP)
    STACK                                    0x20000998   Section     1024  startup_stm32l151xc.o(STACK)
    Stack_Mem                                0x20000998   Data        1024  startup_stm32l151xc.o(STACK)
    __initial_sp                             0x20000d98   Data           0  startup_stm32l151xc.o(STACK)

    Global Symbols

    Symbol Name                              Value     Ov Type        Size  Object(Section)

    BuildAttributes$$THM_ISAv4$P$D$K$B$S$PE$A:L22UL41UL21$X:L11$S22US41US21$IEEE1$IW$USESV6$~STKCKD$USESV7$~SHL$OSPACE$ROPI$EBA8$UX$STANDARDLIB$REQ8$PRES8$EABIv2 0x00000000   Number         0  anon$$obj.o ABSOLUTE
    __ARM_use_no_argv                        0x00000000   Number         0  main.o ABSOLUTE
    __ARM_exceptions_init                     - Undefined Weak Reference
    __alloca_initialize                       - Undefined Weak Reference
    __arm_preinit_                            - Undefined Weak Reference
    __cpp_initialize__aeabi_                  - Undefined Weak Reference
    __cxa_finalize                            - Undefined Weak Reference
    __rt_locale                               - Undefined Weak Reference
    __sigvec_lookup                           - Undefined Weak Reference
    _atexit_init                              - Undefined Weak Reference
    _call_atexit_fns                          - Undefined Weak Reference
    _clock_init                               - Undefined Weak Reference
    _fp_trap_init                             - Undefined Weak Reference
    _fp_trap_shutdown                         - Undefined Weak Reference
    _get_lc_collate                           - Undefined Weak Reference
    _get_lc_ctype                             - Undefined Weak Reference
    _get_lc_monetary                          - Undefined Weak Reference
    _get_lc_numeric                           - Undefined Weak Reference
    _get_lc_time                              - Undefined Weak Reference
    _getenv_init                              - Undefined Weak Reference
    _handle_redirection                       - Undefined Weak Reference
    _init_alloc                               - Undefined Weak Reference
    _init_user_alloc                          - Undefined Weak Reference
    _initio                                   - Undefined Weak Reference
    _rand_init                                - Undefined Weak Reference
    _signal_finish                            - Undefined Weak Reference
    _signal_init                              - Undefined Weak Reference
    _terminate_alloc                          - Undefined Weak Reference
    _terminate_user_alloc                     - Undefined Weak Reference
    _terminateio                              - Undefined Weak Reference
    __Vectors_Size                           0x00000124   Number         0  startup_stm32l151xc.o ABSOLUTE
    __Vectors                                0x08000000   Data           4  startup_stm32l151xc.o(RESET)
    __Vectors_End                            0x08000124   Data           0  startup_stm32l151xc.o(RESET)
    __main                                   0x08000125   Thumb Code     8  __main.o(!!!main)
    __scatterload                            0x0800012d   Thumb Code     0  __scatter.o(!!!scatter)
    __scatterload_rt2                        0x0800012d   Thumb Code    44  __scatter.o(!!!scatter)
    __scatterload_rt2_thumb_only             0x0800012d   Thumb Code     0  __scatter.o(!!!scatter)
    __scatterload_null                       0x0800013b   Thumb Code     0  __scatter.o(!!!scatter)
    __scatterload_copy                       0x08000161   Thumb Code    26  __scatter_copy.o(!!handler_copy)
    __scatterload_zeroinit                   0x0800017d   Thumb Code    28  __scatter_zi.o(!!handler_zi)
    __rt_lib_init                            0x08000199   Thumb Code     0  libinit.o(.ARM.Collect$$libinit$$00000000)
    __rt_lib_init_alloca_1                   0x0800019b   Thumb Code     0  libinit2.o(.ARM.Collect$$libinit$$0000002E)
    __rt_lib_init_argv_1                     0x0800019b   Thumb Code     0  libinit2.o(.ARM.Collect$$libinit$$0000002C)
    __rt_lib_init_atexit_1                   0x0800019b   Thumb Code     0  libinit2.o(.ARM.Collect$$libinit$$0000001B)
    __rt_lib_init_clock_1                    0x0800019b   Thumb Code     0  libinit2.o(.ARM.Collect$$libinit$$00000021)
    __rt_lib_init_cpp_1                      0x0800019b   Thumb Code     0  libinit2.o(.ARM.Collect$$libinit$$00000032)
    __rt_lib_init_exceptions_1               0x0800019b   Thumb Code     0  libinit2.o(.ARM.Collect$$libinit$$00000030)
    __rt_lib_init_fp_1                       0x0800019b   Thumb Code     0  libinit2.o(.ARM.Collect$$libinit$$00000002)
    __rt_lib_init_fp_trap_1                  0x0800019b   Thumb Code     0  libinit2.o(.ARM.Collect$$libinit$$0000001F)
    __rt_lib_init_getenv_1                   0x0800019b   Thumb Code     0  libinit2.o(.ARM.Collect$$libinit$$00000023)
    __rt_lib_init_heap_1                     0x0800019b   Thumb Code     0  libinit2.o(.ARM.Collect$$libinit$$0000000A)
    __rt_lib_init_lc_collate_1               0x0800019b   Thumb Code     0  libinit2.o(.ARM.Collect$$libinit$$00000011)
    __rt_lib_init_lc_ctype_1                 0x0800019b   Thumb Code     0  libinit2.o(.ARM.Collect$$libinit$$00000013)
    __rt_lib_init_lc_monetary_1              0x0800019b   Thumb Code     0  libinit2.o(.ARM.Collect$$libinit$$00000015)
    __rt_lib_init_lc_numeric_1               0x0800019b   Thumb Code     0  libinit2.o(.ARM.Collect$$libinit$$00000017)
    __rt_lib_init_lc_time_1                  0x0800019b   Thumb Code     0  libinit2.o(.ARM.Collect$$libinit$$00000019)
    __rt_lib_init_preinit_1                  0x0800019b   Thumb Code     0  libinit2.o(.ARM.Collect$$libinit$$00000004)
    __rt_lib_init_rand_1                     0x0800019b   Thumb Code     0  libinit2.o(.ARM.Collect$$libinit$$0000000E)
    __rt_lib_init_return                     0x0800019b   Thumb Code     0  libinit2.o(.ARM.Collect$$libinit$$00000033)
    __rt_lib_init_signal_1                   0x0800019b   Thumb Code     0  libinit2.o(.ARM.Collect$$libinit$$0000001D)
    __rt_lib_init_stdio_1                    0x0800019b   Thumb Code     0  libinit2.o(.ARM.Collect$$libinit$$00000025)
    __rt_lib_init_user_alloc_1               0x0800019b   Thumb Code     0  libinit2.o(.ARM.Collect$$libinit$$0000000C)
    __rt_lib_shutdown                        0x0800019d   Thumb Code     0  libshutdown.o(.ARM.Collect$$libshutdown$$00000000)
    __rt_lib_shutdown_cpp_1                  0x0800019f   Thumb Code     0  libshutdown2.o(.ARM.Collect$$libshutdown$$00000002)
    __rt_lib_shutdown_fp_trap_1              0x0800019f   Thumb Code     0  libshutdown2.o(.ARM.Collect$$libshutdown$$00000007)
    __rt_lib_shutdown_heap_1                 0x0800019f   Thumb Code     0  libshutdown2.o(.ARM.Collect$$libshutdown$$0000000F)
    __rt_lib_shutdown_return                 0x0800019f   Thumb Code     0  libshutdown2.o(.ARM.Collect$$libshutdown$$00000010)
    __rt_lib_shutdown_signal_1               0x0800019f   Thumb Code     0  libshutdown2.o(.ARM.Collect$$libshutdown$$0000000A)
    __rt_lib_shutdown_stdio_1                0x0800019f   Thumb Code     0  libshutdown2.o(.ARM.Collect$$libshutdown$$00000004)
    __rt_lib_shutdown_user_alloc_1           0x0800019f   Thumb Code     0  libshutdown2.o(.ARM.Collect$$libshutdown$$0000000C)
    __rt_entry                               0x080001a1   Thumb Code     0  __rtentry.o(.ARM.Collect$$rtentry$$00000000)
    __rt_entry_presh_1                       0x080001a1   Thumb Code     0  __rtentry2.o(.ARM.Collect$$rtentry$$00000002)
    __rt_entry_sh                            0x080001a1   Thumb Code     0  __rtentry4.o(.ARM.Collect$$rtentry$$00000004)
    __rt_entry_li                            0x080001a7   Thumb Code     0  __rtentry2.o(.ARM.Collect$$rtentry$$0000000A)
    __rt_entry_postsh_1                      0x080001a7   Thumb Code     0  __rtentry2.o(.ARM.Collect$$rtentry$$00000009)
    __rt_entry_main                          0x080001ab   Thumb Code     0  __rtentry2.o(.ARM.Collect$$rtentry$$0000000D)
    __rt_entry_postli_1                      0x080001ab   Thumb Code     0  __rtentry2.o(.ARM.Collect$$rtentry$$0000000C)
    __rt_exit                                0x080001b3   Thumb Code     0  rtexit.o(.ARM.Collect$$rtexit$$00000000)
    __rt_exit_ls                             0x080001b5   Thumb Code     0  rtexit2.o(.ARM.Collect$$rtexit$$00000003)
    __rt_exit_prels_1                        0x080001b5   Thumb Code     0  rtexit2.o(.ARM.Collect$$rtexit$$00000002)
    __rt_exit_exit                           0x080001b9   Thumb Code     0  rtexit2.o(.ARM.Collect$$rtexit$$00000004)
    Reset_Handler                            0x080001c1   Thumb Code     8  startup_stm32l151xc.o(.text)
    ADC1_IRQHandler                          0x080001db   Thumb Code     0  startup_stm32l151xc.o(.text)
    COMP_ACQ_IRQHandler                      0x080001db   Thumb Code     0  startup_stm32l151xc.o(.text)
    COMP_IRQHandler                          0x080001db   Thumb Code     0  startup_stm32l151xc.o(.text)
    DAC_IRQHandler                           0x080001db   Thumb Code     0  startup_stm32l151xc.o(.text)
    DMA1_Channel1_IRQHandler                 0x080001db   Thumb Code     0  startup_stm32l151xc.o(.text)
    DMA1_Channel2_IRQHandler                 0x080001db   Thumb Code     0  startup_stm32l151xc.o(.text)
    DMA1_Channel3_IRQHandler                 0x080001db   Thumb Code     0  startup_stm32l151xc.o(.text)
    DMA1_Channel6_IRQHandler                 0x080001db   Thumb Code     0  startup_stm32l151xc.o(.text)
    DMA1_Channel7_IRQHandler                 0x080001db   Thumb Code     0  startup_stm32l151xc.o(.text)
    DMA2_Channel1_IRQHandler                 0x080001db   Thumb Code     0  startup_stm32l151xc.o(.text)
    DMA2_Channel2_IRQHandler                 0x080001db   Thumb Code     0  startup_stm32l151xc.o(.text)
    DMA2_Channel3_IRQHandler                 0x080001db   Thumb Code     0  startup_stm32l151xc.o(.text)
    DMA2_Channel4_IRQHandler                 0x080001db   Thumb Code     0  startup_stm32l151xc.o(.text)
    DMA2_Channel5_IRQHandler                 0x080001db   Thumb Code     0  startup_stm32l151xc.o(.text)
    EXTI15_10_IRQHandler                     0x080001db   Thumb Code     0  startup_stm32l151xc.o(.text)
    EXTI1_IRQHandler                         0x080001db   Thumb Code     0  startup_stm32l151xc.o(.text)
    EXTI3_IRQHandler                         0x080001db   Thumb Code     0  startup_stm32l151xc.o(.text)
    EXTI4_IRQHandler                         0x080001db   Thumb Code     0  startup_stm32l151xc.o(.text)
    EXTI9_5_IRQHandler                       0x080001db   Thumb Code     0  startup_stm32l151xc.o(.text)
    FLASH_IRQHandler                         0x080001db   Thumb Code     0  startup_stm32l151xc.o(.text)
    I2C1_ER_IRQHandler                       0x080001db   Thumb Code     0  startup_stm32l151xc.o(.text)
    I2C1_EV_IRQHandler                       0x080001db   Thumb Code     0  startup_stm32l151xc.o(.text)
    I2C2_ER_IRQHandler                       0x080001db   Thumb Code     0  startup_stm32l151xc.o(.text)
    I2C2_EV_IRQHandler                       0x080001db   Thumb Code     0  startup_stm32l151xc.o(.text)
    PVD_IRQHandler                           0x080001db   Thumb Code     0  startup_stm32l151xc.o(.text)
    RCC_IRQHandler                           0x080001db   Thumb Code     0  startup_stm32l151xc.o(.text)
    RTC_Alarm_IRQHandler                     0x080001db   Thumb Code     0  startup_stm32l151xc.o(.text)
    RTC_WKUP_IRQHandler                      0x080001db   Thumb Code     0  startup_stm32l151xc.o(.text)
    SPI1_IRQHandler                          0x080001db   Thumb Code     0  startup_stm32l151xc.o(.text)
    SPI2_IRQHandler                          0x080001db   Thumb Code     0  startup_stm32l151xc.o(.text)
    SPI3_IRQHandler                          0x080001db   Thumb Code     0  startup_stm32l151xc.o(.text)
    TAMPER_STAMP_IRQHandler                  0x080001db   Thumb Code     0  startup_stm32l151xc.o(.text)
    TIM10_IRQHandler                         0x080001db   Thumb Code     0  startup_stm32l151xc.o(.text)
    TIM11_IRQHandler                         0x080001db   Thumb Code     0  startup_stm32l151xc.o(.text)
    TIM4_IRQHandler                          0x080001db   Thumb Code     0  startup_stm32l151xc.o(.text)
    TIM5_IRQHandler                          0x080001db   Thumb Code     0  startup_stm32l151xc.o(.text)
    TIM6_IRQHandler                          0x080001db   Thumb Code     0  startup_stm32l151xc.o(.text)
    TIM7_IRQHandler                          0x080001db   Thumb Code     0  startup_stm32l151xc.o(.text)
    TIM9_IRQHandler                          0x080001db   Thumb Code     0  startup_stm32l151xc.o(.text)
    USART2_IRQHandler                        0x080001db   Thumb Code     0  startup_stm32l151xc.o(.text)
    USART3_IRQHandler                        0x080001db   Thumb Code     0  startup_stm32l151xc.o(.text)
    USB_FS_WKUP_IRQHandler                   0x080001db   Thumb Code     0  startup_stm32l151xc.o(.text)
    USB_HP_IRQHandler                        0x080001db   Thumb Code     0  startup_stm32l151xc.o(.text)
    USB_LP_IRQHandler                        0x080001db   Thumb Code     0  startup_stm32l151xc.o(.text)
    WWDG_IRQHandler                          0x080001db   Thumb Code     0  startup_stm32l151xc.o(.text)
    __user_initial_stackheap                 0x080001dd   Thumb Code     0  startup_stm32l151xc.o(.text)
    __aeabi_uldivmod                         0x08000201   Thumb Code     0  lludivv7m.o(.text)
    _ll_udiv                                 0x08000201   Thumb Code   238  lludivv7m.o(.text)
    strcpy                                   0x080002ef   Thumb Code    72  strcpy.o(.text)
    __aeabi_memcpy                           0x08000337   Thumb Code     0  rt_memcpy_v6.o(.text)
    __rt_memcpy                              0x08000337   Thumb Code   138  rt_memcpy_v6.o(.text)
    _memcpy_lastbytes                        0x0800039d   Thumb Code     0  rt_memcpy_v6.o(.text)
    __aeabi_memclr                           0x080003c1   Thumb Code     0  rt_memclr.o(.text)
    __rt_memclr                              0x080003c1   Thumb Code    68  rt_memclr.o(.text)
    _memset                                  0x080003c5   Thumb Code     0  rt_memclr.o(.text)
    __aeabi_memclr4                          0x08000405   Thumb Code     0  rt_memclr_w.o(.text)
    __aeabi_memclr8                          0x08000405   Thumb Code     0  rt_memclr_w.o(.text)
    __rt_memclr_w                            0x08000405   Thumb Code    78  rt_memclr_w.o(.text)
    _memset_w                                0x08000409   Thumb Code     0  rt_memclr_w.o(.text)
    __use_two_region_memory                  0x08000453   Thumb Code     2  heapauxi.o(.text)
    __rt_heap_escrow$2region                 0x08000455   Thumb Code     2  heapauxi.o(.text)
    __rt_heap_expand$2region                 0x08000457   Thumb Code     2  heapauxi.o(.text)
    __aeabi_memcpy4                          0x08000459   Thumb Code     0  rt_memcpy_w.o(.text)
    __aeabi_memcpy8                          0x08000459   Thumb Code     0  rt_memcpy_w.o(.text)
    __rt_memcpy_w                            0x08000459   Thumb Code   100  rt_memcpy_w.o(.text)
    _memcpy_lastbytes_aligned                0x080004a1   Thumb Code     0  rt_memcpy_w.o(.text)
    __user_setup_stackheap                   0x080004bd   Thumb Code    74  sys_stackheap_outer.o(.text)
    exit                                     0x08000507   Thumb Code    18  exit.o(.text)
    __user_libspace                          0x08000519   Thumb Code     8  libspace.o(.text)
    __user_perproc_libspace                  0x08000519   Thumb Code     0  libspace.o(.text)
    __user_perthread_libspace                0x08000519   Thumb Code     0  libspace.o(.text)
    _sys_exit                                0x08000521   Thumb Code     8  sys_exit.o(.text)
    __I$use$semihosting                      0x0800052d   Thumb Code     0  use_no_semi.o(.text)
    __use_no_semihosting_swi                 0x0800052d   Thumb Code     2  use_no_semi.o(.text)
    BusFault_Handler                         0x0800052f   Thumb Code     4  stm32l1xx_it.o(i.BusFault_Handler)
    __semihosting_library_function           0x0800052f   Thumb Code     0  indicate_semi.o(.text)
    DMA1_Channel4_IRQHandler                 0x08000535   Thumb Code    10  stm32l1xx_it.o(i.DMA1_Channel4_IRQHandler)
    DMA1_Channel5_IRQHandler                 0x08000545   Thumb Code    10  stm32l1xx_it.o(i.DMA1_Channel5_IRQHandler)
    DebugMon_Handler                         0x08000585   Thumb Code     2  stm32l1xx_it.o(i.DebugMon_Handler)
    EXTI0_IRQHandler                         0x08000587   Thumb Code    10  stm32l1xx_it.o(i.EXTI0_IRQHandler)
    EXTI2_IRQHandler                         0x08000591   Thumb Code    10  stm32l1xx_it.o(i.EXTI2_IRQHandler)
    Error_Handler                            0x0800059b   Thumb Code     6  main.o(i.Error_Handler)
    HAL_DMA_Abort                            0x080005a1   Thumb Code    90  stm32l1xx_hal_dma.o(i.HAL_DMA_Abort)
    HAL_DMA_Abort_IT                         0x080005fb   Thumb Code    92  stm32l1xx_hal_dma.o(i.HAL_DMA_Abort_IT)
    HAL_DMA_IRQHandler                       0x08000657   Thumb Code   254  stm32l1xx_hal_dma.o(i.HAL_DMA_IRQHandler)
    HAL_DMA_Init                             0x08000755   Thumb Code   130  stm32l1xx_hal_dma.o(i.HAL_DMA_Init)
    HAL_DMA_Start_IT                         0x080007e1   Thumb Code   156  stm32l1xx_hal_dma.o(i.HAL_DMA_Start_IT)
    HAL_Delay                                0x0800087d   Thumb Code    36  stm32l1xx_hal.o(i.HAL_Delay)
    HAL_GPIO_EXTI_Callback                   0x080008a5   Thumb Code     2  stm32l1xx_hal_gpio.o(i.HAL_GPIO_EXTI_Callback)
    HAL_GPIO_EXTI_IRQHandler                 0x080008a9   Thumb Code    24  stm32l1xx_hal_gpio.o(i.HAL_GPIO_EXTI_IRQHandler)
    HAL_GPIO_Init                            0x080008c5   Thumb Code   420  stm32l1xx_hal_gpio.o(i.HAL_GPIO_Init)
    HAL_GPIO_ReadPin                         0x08000a89   Thumb Code    16  stm32l1xx_hal_gpio.o(i.HAL_GPIO_ReadPin)
    HAL_GPIO_WritePin                        0x08000a99   Thumb Code    12  stm32l1xx_hal_gpio.o(i.HAL_GPIO_WritePin)
    HAL_GetTick                              0x08000aa5   Thumb Code     6  stm32l1xx_hal.o(i.HAL_GetTick)
    HAL_IncTick                              0x08000ab1   Thumb Code    16  stm32l1xx_hal.o(i.HAL_IncTick)
    HAL_Init                                 0x08000ac9   Thumb Code    30  stm32l1xx_hal.o(i.HAL_Init)
    HAL_InitTick                             0x08000ae9   Thumb Code    74  stm32l1xx_hal.o(i.HAL_InitTick)
    HAL_MspInit                              0x08000b41   Thumb Code    88  stm32l1xx_hal_msp.o(i.HAL_MspInit)
    HAL_NVIC_EnableIRQ                       0x08000b9d   Thumb Code    32  stm32l1xx_hal_cortex.o(i.HAL_NVIC_EnableIRQ)
    HAL_NVIC_SetPriority                     0x08000bbd   Thumb Code   124  stm32l1xx_hal_cortex.o(i.HAL_NVIC_SetPriority)
    HAL_NVIC_SetPriorityGrouping             0x08000c39   Thumb Code    32  stm32l1xx_hal_cortex.o(i.HAL_NVIC_SetPriorityGrouping)
    HAL_NVIC_SystemReset                     0x08000c61   Thumb Code    60  stm32l1xx_hal_cortex.o(i.HAL_NVIC_SystemReset)
    HAL_RCC_ClockConfig                      0x08000ca5   Thumb Code   522  stm32l1xx_hal_rcc.o(i.HAL_RCC_ClockConfig)
    HAL_RCC_GetHCLKFreq                      0x08000ec5   Thumb Code     6  stm32l1xx_hal_rcc.o(i.HAL_RCC_GetHCLKFreq)
    HAL_RCC_GetPCLK1Freq                     0x08000ed1   Thumb Code    22  stm32l1xx_hal_rcc.o(i.HAL_RCC_GetPCLK1Freq)
    HAL_RCC_GetPCLK2Freq                     0x08000ef1   Thumb Code    22  stm32l1xx_hal_rcc.o(i.HAL_RCC_GetPCLK2Freq)
    HAL_RCC_GetSysClockFreq                  0x08000f11   Thumb Code   144  stm32l1xx_hal_rcc.o(i.HAL_RCC_GetSysClockFreq)
    HAL_RCC_OscConfig                        0x08000fb1   Thumb Code  1480  stm32l1xx_hal_rcc.o(i.HAL_RCC_OscConfig)
    HAL_SYSTICK_Config                       0x08001581   Thumb Code    52  stm32l1xx_hal_cortex.o(i.HAL_SYSTICK_Config)
    HAL_TIMEx_MasterConfigSynchronization    0x080015b5   Thumb Code   118  stm32l1xx_hal_tim_ex.o(i.HAL_TIMEx_MasterConfigSynchronization)
    HAL_TIM_Base_Init                        0x08001639   Thumb Code    80  stm32l1xx_hal_tim.o(i.HAL_TIM_Base_Init)
    HAL_TIM_Base_MspInit                     0x08001689   Thumb Code   112  tim.o(i.HAL_TIM_Base_MspInit)
    HAL_TIM_Base_Start_IT                    0x08001701   Thumb Code   106  stm32l1xx_hal_tim.o(i.HAL_TIM_Base_Start_IT)
    HAL_TIM_ConfigClockSource                0x08001779   Thumb Code   268  stm32l1xx_hal_tim.o(i.HAL_TIM_ConfigClockSource)
    HAL_TIM_IC_CaptureCallback               0x08001885   Thumb Code     2  stm32l1xx_hal_tim.o(i.HAL_TIM_IC_CaptureCallback)
    HAL_TIM_IRQHandler                       0x08001887   Thumb Code   308  stm32l1xx_hal_tim.o(i.HAL_TIM_IRQHandler)
    HAL_TIM_MspPostInit                      0x080019bd   Thumb Code    82  tim.o(i.HAL_TIM_MspPostInit)
    HAL_TIM_OC_DelayElapsedCallback          0x08001a19   Thumb Code     2  stm32l1xx_hal_tim.o(i.HAL_TIM_OC_DelayElapsedCallback)
    HAL_TIM_PWM_ConfigChannel                0x08001a1b   Thumb Code   260  stm32l1xx_hal_tim.o(i.HAL_TIM_PWM_ConfigChannel)
    HAL_TIM_PWM_Init                         0x08001b1f   Thumb Code    80  stm32l1xx_hal_tim.o(i.HAL_TIM_PWM_Init)
    HAL_TIM_PWM_MspInit                      0x08001b6f   Thumb Code     2  stm32l1xx_hal_tim.o(i.HAL_TIM_PWM_MspInit)
    HAL_TIM_PWM_PulseFinishedCallback        0x08001b71   Thumb Code     2  stm32l1xx_hal_tim.o(i.HAL_TIM_PWM_PulseFinishedCallback)
    HAL_TIM_PWM_Start                        0x08001b75   Thumb Code   170  stm32l1xx_hal_tim.o(i.HAL_TIM_PWM_Start)
    HAL_TIM_PeriodElapsedCallback            0x08001c2d   Thumb Code     2  stm32l1xx_hal_tim.o(i.HAL_TIM_PeriodElapsedCallback)
    HAL_TIM_TriggerCallback                  0x08001c2f   Thumb Code     2  stm32l1xx_hal_tim.o(i.HAL_TIM_TriggerCallback)
    HAL_UARTEx_RxEventCallback               0x08001c31   Thumb Code     2  stm32l1xx_hal_uart.o(i.HAL_UARTEx_RxEventCallback)
    HAL_UART_DMAStop                         0x08001c33   Thumb Code   138  stm32l1xx_hal_uart.o(i.HAL_UART_DMAStop)
    HAL_UART_ErrorCallback                   0x08001cbd   Thumb Code     2  stm32l1xx_hal_uart.o(i.HAL_UART_ErrorCallback)
    HAL_UART_IRQHandler                      0x08001cc1   Thumb Code   766  stm32l1xx_hal_uart.o(i.HAL_UART_IRQHandler)
    HAL_UART_Init                            0x08001fc5   Thumb Code   118  stm32l1xx_hal_uart.o(i.HAL_UART_Init)
    HAL_UART_MspInit                         0x0800203d   Thumb Code   230  usart.o(i.HAL_UART_MspInit)
    HAL_UART_Receive_DMA                     0x0800213d   Thumb Code    44  stm32l1xx_hal_uart.o(i.HAL_UART_Receive_DMA)
    HAL_UART_RxCpltCallback                  0x08002169   Thumb Code     2  stm32l1xx_hal_uart.o(i.HAL_UART_RxCpltCallback)
    HAL_UART_RxHalfCpltCallback              0x0800216b   Thumb Code     2  stm32l1xx_hal_uart.o(i.HAL_UART_RxHalfCpltCallback)
    HAL_UART_Transmit_DMA                    0x0800216d   Thumb Code   144  stm32l1xx_hal_uart.o(i.HAL_UART_Transmit_DMA)
    HAL_UART_TxCpltCallback                  0x08002209   Thumb Code     2  stm32l1xx_hal_uart.o(i.HAL_UART_TxCpltCallback)
    HAL_UART_TxHalfCpltCallback              0x0800220b   Thumb Code     2  stm32l1xx_hal_uart.o(i.HAL_UART_TxHalfCpltCallback)
    HardFault_Handler                        0x0800220d   Thumb Code     4  stm32l1xx_it.o(i.HardFault_Handler)
    MX_DMA_Init                              0x08002211   Thumb Code    64  dma.o(i.MX_DMA_Init)
    MX_GPIO_Init                             0x08002255   Thumb Code   260  gpio.o(i.MX_GPIO_Init)
    MX_TIM2_Init                             0x08002365   Thumb Code   190  tim.o(i.MX_TIM2_Init)
    MX_TIM3_Init                             0x08002429   Thumb Code   102  tim.o(i.MX_TIM3_Init)
    MX_USART1_UART_Init                      0x08002499   Thumb Code    46  usart.o(i.MX_USART1_UART_Init)
    MemManage_Handler                        0x080024d1   Thumb Code     4  stm32l1xx_it.o(i.MemManage_Handler)
    NMI_Handler                              0x080024d5   Thumb Code     4  stm32l1xx_it.o(i.NMI_Handler)
    PendSV_Handler                           0x080024d9   Thumb Code     2  stm32l1xx_it.o(i.PendSV_Handler)
    SEGGER_RTT_Init                          0x08002585   Thumb Code     8  segger_rtt.o(i.SEGGER_RTT_Init)
    SEGGER_RTT_Write                         0x0800258d   Thumb Code    68  segger_rtt.o(i.SEGGER_RTT_Write)
    SEGGER_RTT_WriteNoLock                   0x080025d5   Thumb Code   126  segger_rtt.o(i.SEGGER_RTT_WriteNoLock)
    SEGGER_RTT_vprintf                       0x08002659   Thumb Code   522  segger_rtt_printf.o(i.SEGGER_RTT_vprintf)
    SVC_Handler                              0x08002863   Thumb Code     2  stm32l1xx_it.o(i.SVC_Handler)
    SysTick_Handler                          0x08002865   Thumb Code     8  stm32l1xx_it.o(i.SysTick_Handler)
    SystemClock_Config                       0x0800286d   Thumb Code   110  main.o(i.SystemClock_Config)
    SystemInit                               0x080028e1   Thumb Code     2  system_stm32l1xx.o(i.SystemInit)
    TIM2_IRQHandler                          0x080028e5   Thumb Code    10  stm32l1xx_it.o(i.TIM2_IRQHandler)
    TIM3_IRQHandler                          0x080028f5   Thumb Code    10  stm32l1xx_it.o(i.TIM3_IRQHandler)
    UART_Start_Receive_DMA                   0x08002ffd   Thumb Code   202  stm32l1xx_hal_uart.o(i.UART_Start_Receive_DMA)
    USART1_IRQHandler                        0x08003135   Thumb Code    98  stm32l1xx_it.o(i.USART1_IRQHandler)
    UsageFault_Handler                       0x080031bd   Thumb Code     4  stm32l1xx_it.o(i.UsageFault_Handler)
    car_turn_soft                            0x080035a1   Thumb Code   628  motor.o(i.car_turn_soft)
    control_protocol_analysis                0x0800382d   Thumb Code   202  usart.o(i.control_protocol_analysis)
    main                                     0x0800390d   Thumb Code   138  main.o(i.main)
    motor_gpio_set_direction                 0x080039cd   Thumb Code   164  motor.o(i.motor_gpio_set_direction)
    motors_set_speed_soft                    0x08003a75   Thumb Code   520  motor.o(i.motors_set_speed_soft)
    my_check_code_analysis                   0x08003c85   Thumb Code    44  usart.o(i.my_check_code_analysis)
    my_check_code_calculate                  0x08003cc9   Thumb Code    30  usart.o(i.my_check_code_calculate)
    my_motor_car_run                         0x08003ce7   Thumb Code    18  motor.o(i.my_motor_car_run)
    my_motor_car_stop                        0x08003cf9   Thumb Code    10  motor.o(i.my_motor_car_stop)
    my_motor_control_protocol_analysis       0x08003d05   Thumb Code   158  usart.o(i.my_motor_control_protocol_analysis)
    my_motor_control_task                    0x08003de1   Thumb Code   148  motor.o(i.my_motor_control_task)
    my_set_car_stop_func                     0x08003f29   Thumb Code    20  usart.o(i.my_set_car_stop_func)
    my_uart3_tx_to_BLE                       0x08003f4d   Thumb Code   470  usart.o(i.my_uart3_tx_to_BLE)
    print_array_hex                          0x08004141   Thumb Code    68  main.o(i.print_array_hex)
    print_log                                0x080041bd   Thumb Code    28  main.o(i.print_log)
    segger_rtt_init                          0x080041d9   Thumb Code    16  main.o(i.segger_rtt_init)
    stop_all_motors_sync                     0x080041e9   Thumb Code   202  motor.o(i.stop_all_motors_sync)
    __aeabi_fdiv                             0x080042b9   Thumb Code     0  fdiv.o(x$fpl$fdiv)
    _fdiv                                    0x080042b9   Thumb Code   384  fdiv.o(x$fpl$fdiv)
    __aeabi_f2iz                             0x0800443d   Thumb Code     0  ffix.o(x$fpl$ffix)
    _ffix                                    0x0800443d   Thumb Code    54  ffix.o(x$fpl$ffix)
    __aeabi_i2f                              0x08004475   Thumb Code     0  fflt_clz.o(x$fpl$fflt)
    _fflt                                    0x08004475   Thumb Code    48  fflt_clz.o(x$fpl$fflt)
    __aeabi_ui2f                             0x080044a5   Thumb Code     0  fflt_clz.o(x$fpl$ffltu)
    _ffltu                                   0x080044a5   Thumb Code    38  fflt_clz.o(x$fpl$ffltu)
    __aeabi_fmul                             0x080044cd   Thumb Code     0  fmul.o(x$fpl$fmul)
    _fmul                                    0x080044cd   Thumb Code   258  fmul.o(x$fpl$fmul)
    __fpl_fnaninf                            0x080045cf   Thumb Code   140  fnaninf.o(x$fpl$fnaninf)
    __fpl_fretinf                            0x0800465b   Thumb Code    10  fretinf.o(x$fpl$fretinf)
    __I$use$fp                               0x08004664   Number         0  usenofp.o(x$fpl$usenofp)
    PLLMulTable                              0x0800468a   Data           9  system_stm32l1xx.o(.constdata)
    AHBPrescTable                            0x08004693   Data          16  system_stm32l1xx.o(.constdata)
    APBPrescTable                            0x080046a3   Data           8  system_stm32l1xx.o(.constdata)
    Region$$Table$$Base                      0x080046bc   Number         0  anon$$obj.o(Region$$Table)
    Region$$Table$$Limit                     0x080046dc   Number         0  anon$$obj.o(Region$$Table)
    g_MotorDirection                         0x20000000   Data           1  motor.o(.data)
    g_MotorSpeedLevel                        0x20000001   Data           1  motor.o(.data)
    g_MotorTurnDirection                     0x20000002   Data           1  motor.o(.data)
    g_MotorTurnLevel                         0x20000003   Data           1  motor.o(.data)
    rx_len                                   0x20000004   Data           1  main.o(.data)
    recv_end_flag                            0x20000005   Data           1  main.o(.data)
    g_ControlMotorFlag                       0x20000006   Data           1  main.o(.data)
    uwTick                                   0x20000008   Data           4  stm32l1xx_hal.o(.data)
    uwTickPrio                               0x2000000c   Data           4  stm32l1xx_hal.o(.data)
    uwTickFreq                               0x20000010   Data           4  stm32l1xx_hal.o(.data)
    SystemCoreClock                          0x20000014   Data           4  system_stm32l1xx.o(.data)
    rx_buffer                                0x20000018   Data         256  main.o(.bss)
    htim2                                    0x20000118   Data          64  tim.o(.bss)
    htim3                                    0x20000158   Data          64  tim.o(.bss)
    huart1                                   0x20000198   Data          72  usart.o(.bss)
    hdma_usart1_rx                           0x200001e0   Data          68  usart.o(.bss)
    hdma_usart1_tx                           0x20000224   Data          68  usart.o(.bss)
    _SEGGER_RTT                              0x2000027c   Data         168  segger_rtt.o(.bss)
    __libspace_start                         0x20000734   Data          96  libspace.o(.bss)
    __temporary_stack_top$libspace           0x20000794   Data           0  libspace.o(.bss)



==============================================================================

Memory Map of the image

  Image Entry point : 0x08000125

  Load Region LR_IROM1 (Base: 0x08000000, Size: 0x000046f4, Max: 0x00040000, ABSOLUTE)

    Execution Region ER_IROM1 (Exec base: 0x08000000, Load base: 0x08000000, Size: 0x000046dc, Max: 0x00040000, ABSOLUTE)

    Exec Addr    Load Addr    Size         Type   Attr      Idx    E Section Name        Object

    0x08000000   0x08000000   0x00000124   Data   RO            3    RESET               startup_stm32l151xc.o
    0x08000124   0x08000124   0x00000008   Code   RO         3362  * !!!main             c_w.l(__main.o)
    0x0800012c   0x0800012c   0x00000034   Code   RO         3562    !!!scatter          c_w.l(__scatter.o)
    0x08000160   0x08000160   0x0000001a   Code   RO         3564    !!handler_copy      c_w.l(__scatter_copy.o)
    0x0800017a   0x0800017a   0x00000002   PAD
    0x0800017c   0x0800017c   0x0000001c   Code   RO         3566    !!handler_zi        c_w.l(__scatter_zi.o)
    0x08000198   0x08000198   0x00000002   Code   RO         3432    .ARM.Collect$$libinit$$00000000  c_w.l(libinit.o)
    0x0800019a   0x0800019a   0x00000000   Code   RO         3445    .ARM.Collect$$libinit$$00000002  c_w.l(libinit2.o)
    0x0800019a   0x0800019a   0x00000000   Code   RO         3447    .ARM.Collect$$libinit$$00000004  c_w.l(libinit2.o)
    0x0800019a   0x0800019a   0x00000000   Code   RO         3450    .ARM.Collect$$libinit$$0000000A  c_w.l(libinit2.o)
    0x0800019a   0x0800019a   0x00000000   Code   RO         3452    .ARM.Collect$$libinit$$0000000C  c_w.l(libinit2.o)
    0x0800019a   0x0800019a   0x00000000   Code   RO         3454    .ARM.Collect$$libinit$$0000000E  c_w.l(libinit2.o)
    0x0800019a   0x0800019a   0x00000000   Code   RO         3457    .ARM.Collect$$libinit$$00000011  c_w.l(libinit2.o)
    0x0800019a   0x0800019a   0x00000000   Code   RO         3459    .ARM.Collect$$libinit$$00000013  c_w.l(libinit2.o)
    0x0800019a   0x0800019a   0x00000000   Code   RO         3461    .ARM.Collect$$libinit$$00000015  c_w.l(libinit2.o)
    0x0800019a   0x0800019a   0x00000000   Code   RO         3463    .ARM.Collect$$libinit$$00000017  c_w.l(libinit2.o)
    0x0800019a   0x0800019a   0x00000000   Code   RO         3465    .ARM.Collect$$libinit$$00000019  c_w.l(libinit2.o)
    0x0800019a   0x0800019a   0x00000000   Code   RO         3467    .ARM.Collect$$libinit$$0000001B  c_w.l(libinit2.o)
    0x0800019a   0x0800019a   0x00000000   Code   RO         3469    .ARM.Collect$$libinit$$0000001D  c_w.l(libinit2.o)
    0x0800019a   0x0800019a   0x00000000   Code   RO         3471    .ARM.Collect$$libinit$$0000001F  c_w.l(libinit2.o)
    0x0800019a   0x0800019a   0x00000000   Code   RO         3473    .ARM.Collect$$libinit$$00000021  c_w.l(libinit2.o)
    0x0800019a   0x0800019a   0x00000000   Code   RO         3475    .ARM.Collect$$libinit$$00000023  c_w.l(libinit2.o)
    0x0800019a   0x0800019a   0x00000000   Code   RO         3477    .ARM.Collect$$libinit$$00000025  c_w.l(libinit2.o)
    0x0800019a   0x0800019a   0x00000000   Code   RO         3481    .ARM.Collect$$libinit$$0000002C  c_w.l(libinit2.o)
    0x0800019a   0x0800019a   0x00000000   Code   RO         3483    .ARM.Collect$$libinit$$0000002E  c_w.l(libinit2.o)
    0x0800019a   0x0800019a   0x00000000   Code   RO         3485    .ARM.Collect$$libinit$$00000030  c_w.l(libinit2.o)
    0x0800019a   0x0800019a   0x00000000   Code   RO         3487    .ARM.Collect$$libinit$$00000032  c_w.l(libinit2.o)
    0x0800019a   0x0800019a   0x00000002   Code   RO         3488    .ARM.Collect$$libinit$$00000033  c_w.l(libinit2.o)
    0x0800019c   0x0800019c   0x00000002   Code   RO         3519    .ARM.Collect$$libshutdown$$00000000  c_w.l(libshutdown.o)
    0x0800019e   0x0800019e   0x00000000   Code   RO         3545    .ARM.Collect$$libshutdown$$00000002  c_w.l(libshutdown2.o)
    0x0800019e   0x0800019e   0x00000000   Code   RO         3547    .ARM.Collect$$libshutdown$$00000004  c_w.l(libshutdown2.o)
    0x0800019e   0x0800019e   0x00000000   Code   RO         3550    .ARM.Collect$$libshutdown$$00000007  c_w.l(libshutdown2.o)
    0x0800019e   0x0800019e   0x00000000   Code   RO         3553    .ARM.Collect$$libshutdown$$0000000A  c_w.l(libshutdown2.o)
    0x0800019e   0x0800019e   0x00000000   Code   RO         3555    .ARM.Collect$$libshutdown$$0000000C  c_w.l(libshutdown2.o)
    0x0800019e   0x0800019e   0x00000000   Code   RO         3558    .ARM.Collect$$libshutdown$$0000000F  c_w.l(libshutdown2.o)
    0x0800019e   0x0800019e   0x00000002   Code   RO         3559    .ARM.Collect$$libshutdown$$00000010  c_w.l(libshutdown2.o)
    0x080001a0   0x080001a0   0x00000000   Code   RO         3384    .ARM.Collect$$rtentry$$00000000  c_w.l(__rtentry.o)
    0x080001a0   0x080001a0   0x00000000   Code   RO         3401    .ARM.Collect$$rtentry$$00000002  c_w.l(__rtentry2.o)
    0x080001a0   0x080001a0   0x00000006   Code   RO         3413    .ARM.Collect$$rtentry$$00000004  c_w.l(__rtentry4.o)
    0x080001a6   0x080001a6   0x00000000   Code   RO         3403    .ARM.Collect$$rtentry$$00000009  c_w.l(__rtentry2.o)
    0x080001a6   0x080001a6   0x00000004   Code   RO         3404    .ARM.Collect$$rtentry$$0000000A  c_w.l(__rtentry2.o)
    0x080001aa   0x080001aa   0x00000000   Code   RO         3406    .ARM.Collect$$rtentry$$0000000C  c_w.l(__rtentry2.o)
    0x080001aa   0x080001aa   0x00000008   Code   RO         3407    .ARM.Collect$$rtentry$$0000000D  c_w.l(__rtentry2.o)
    0x080001b2   0x080001b2   0x00000002   Code   RO         3436    .ARM.Collect$$rtexit$$00000000  c_w.l(rtexit.o)
    0x080001b4   0x080001b4   0x00000000   Code   RO         3492    .ARM.Collect$$rtexit$$00000002  c_w.l(rtexit2.o)
    0x080001b4   0x080001b4   0x00000004   Code   RO         3493    .ARM.Collect$$rtexit$$00000003  c_w.l(rtexit2.o)
    0x080001b8   0x080001b8   0x00000006   Code   RO         3494    .ARM.Collect$$rtexit$$00000004  c_w.l(rtexit2.o)
    0x080001be   0x080001be   0x00000002   PAD
    0x080001c0   0x080001c0   0x00000040   Code   RO            4    .text               startup_stm32l151xc.o
    0x08000200   0x08000200   0x000000ee   Code   RO         3348    .text               c_w.l(lludivv7m.o)
    0x080002ee   0x080002ee   0x00000048   Code   RO         3350    .text               c_w.l(strcpy.o)
    0x08000336   0x08000336   0x0000008a   Code   RO         3354    .text               c_w.l(rt_memcpy_v6.o)
    0x080003c0   0x080003c0   0x00000044   Code   RO         3356    .text               c_w.l(rt_memclr.o)
    0x08000404   0x08000404   0x0000004e   Code   RO         3358    .text               c_w.l(rt_memclr_w.o)
    0x08000452   0x08000452   0x00000006   Code   RO         3360    .text               c_w.l(heapauxi.o)
    0x08000458   0x08000458   0x00000064   Code   RO         3389    .text               c_w.l(rt_memcpy_w.o)
    0x080004bc   0x080004bc   0x0000004a   Code   RO         3419    .text               c_w.l(sys_stackheap_outer.o)
    0x08000506   0x08000506   0x00000012   Code   RO         3421    .text               c_w.l(exit.o)
    0x08000518   0x08000518   0x00000008   Code   RO         3433    .text               c_w.l(libspace.o)
    0x08000520   0x08000520   0x0000000c   Code   RO         3489    .text               c_w.l(sys_exit.o)
    0x0800052c   0x0800052c   0x00000002   Code   RO         3508    .text               c_w.l(use_no_semi.o)
    0x0800052e   0x0800052e   0x00000000   Code   RO         3510    .text               c_w.l(indicate_semi.o)
    0x0800052e   0x0800052e   0x00000004   Code   RO          555    i.BusFault_Handler  stm32l1xx_it.o
    0x08000532   0x08000532   0x00000002   PAD
    0x08000534   0x08000534   0x00000010   Code   RO          556    i.DMA1_Channel4_IRQHandler  stm32l1xx_it.o
    0x08000544   0x08000544   0x00000010   Code   RO          557    i.DMA1_Channel5_IRQHandler  stm32l1xx_it.o
    0x08000554   0x08000554   0x00000030   Code   RO         2206    i.DMA_SetConfig     stm32l1xx_hal_dma.o
    0x08000584   0x08000584   0x00000002   Code   RO          558    i.DebugMon_Handler  stm32l1xx_it.o
    0x08000586   0x08000586   0x0000000a   Code   RO          559    i.EXTI0_IRQHandler  stm32l1xx_it.o
    0x08000590   0x08000590   0x0000000a   Code   RO          560    i.EXTI2_IRQHandler  stm32l1xx_it.o
    0x0800059a   0x0800059a   0x00000006   Code   RO          286    i.Error_Handler     main.o
    0x080005a0   0x080005a0   0x0000005a   Code   RO         2207    i.HAL_DMA_Abort     stm32l1xx_hal_dma.o
    0x080005fa   0x080005fa   0x0000005c   Code   RO         2208    i.HAL_DMA_Abort_IT  stm32l1xx_hal_dma.o
    0x08000656   0x08000656   0x000000fe   Code   RO         2212    i.HAL_DMA_IRQHandler  stm32l1xx_hal_dma.o
    0x08000754   0x08000754   0x0000008c   Code   RO         2213    i.HAL_DMA_Init      stm32l1xx_hal_dma.o
    0x080007e0   0x080007e0   0x0000009c   Code   RO         2217    i.HAL_DMA_Start_IT  stm32l1xx_hal_dma.o
    0x0800087c   0x0800087c   0x00000028   Code   RO         1445    i.HAL_Delay         stm32l1xx_hal.o
    0x080008a4   0x080008a4   0x00000002   Code   RO         2141    i.HAL_GPIO_EXTI_Callback  stm32l1xx_hal_gpio.o
    0x080008a6   0x080008a6   0x00000002   PAD
    0x080008a8   0x080008a8   0x0000001c   Code   RO         2142    i.HAL_GPIO_EXTI_IRQHandler  stm32l1xx_hal_gpio.o
    0x080008c4   0x080008c4   0x000001c4   Code   RO         2143    i.HAL_GPIO_Init     stm32l1xx_hal_gpio.o
    0x08000a88   0x08000a88   0x00000010   Code   RO         2145    i.HAL_GPIO_ReadPin  stm32l1xx_hal_gpio.o
    0x08000a98   0x08000a98   0x0000000c   Code   RO         2147    i.HAL_GPIO_WritePin  stm32l1xx_hal_gpio.o
    0x08000aa4   0x08000aa4   0x0000000c   Code   RO         1449    i.HAL_GetTick       stm32l1xx_hal.o
    0x08000ab0   0x08000ab0   0x00000018   Code   RO         1455    i.HAL_IncTick       stm32l1xx_hal.o
    0x08000ac8   0x08000ac8   0x0000001e   Code   RO         1456    i.HAL_Init          stm32l1xx_hal.o
    0x08000ae6   0x08000ae6   0x00000002   PAD
    0x08000ae8   0x08000ae8   0x00000058   Code   RO         1457    i.HAL_InitTick      stm32l1xx_hal.o
    0x08000b40   0x08000b40   0x0000005c   Code   RO          673    i.HAL_MspInit       stm32l1xx_hal_msp.o
    0x08000b9c   0x08000b9c   0x00000020   Code   RO         2488    i.HAL_NVIC_EnableIRQ  stm32l1xx_hal_cortex.o
    0x08000bbc   0x08000bbc   0x0000007c   Code   RO         2494    i.HAL_NVIC_SetPriority  stm32l1xx_hal_cortex.o
    0x08000c38   0x08000c38   0x00000028   Code   RO         2495    i.HAL_NVIC_SetPriorityGrouping  stm32l1xx_hal_cortex.o
    0x08000c60   0x08000c60   0x00000044   Code   RO         2496    i.HAL_NVIC_SystemReset  stm32l1xx_hal_cortex.o
    0x08000ca4   0x08000ca4   0x00000220   Code   RO         1613    i.HAL_RCC_ClockConfig  stm32l1xx_hal_rcc.o
    0x08000ec4   0x08000ec4   0x0000000c   Code   RO         1618    i.HAL_RCC_GetHCLKFreq  stm32l1xx_hal_rcc.o
    0x08000ed0   0x08000ed0   0x00000020   Code   RO         1620    i.HAL_RCC_GetPCLK1Freq  stm32l1xx_hal_rcc.o
    0x08000ef0   0x08000ef0   0x00000020   Code   RO         1621    i.HAL_RCC_GetPCLK2Freq  stm32l1xx_hal_rcc.o
    0x08000f10   0x08000f10   0x000000a0   Code   RO         1622    i.HAL_RCC_GetSysClockFreq  stm32l1xx_hal_rcc.o
    0x08000fb0   0x08000fb0   0x000005d0   Code   RO         1625    i.HAL_RCC_OscConfig  stm32l1xx_hal_rcc.o
    0x08001580   0x08001580   0x00000034   Code   RO         2499    i.HAL_SYSTICK_Config  stm32l1xx_hal_cortex.o
    0x080015b4   0x080015b4   0x00000084   Code   RO         1408    i.HAL_TIMEx_MasterConfigSynchronization  stm32l1xx_hal_tim_ex.o
    0x08001638   0x08001638   0x00000050   Code   RO          699    i.HAL_TIM_Base_Init  stm32l1xx_hal_tim.o
    0x08001688   0x08001688   0x00000078   Code   RO          423    i.HAL_TIM_Base_MspInit  tim.o
    0x08001700   0x08001700   0x00000078   Code   RO          704    i.HAL_TIM_Base_Start_IT  stm32l1xx_hal_tim.o
    0x08001778   0x08001778   0x0000010c   Code   RO          708    i.HAL_TIM_ConfigClockSource  stm32l1xx_hal_tim.o
    0x08001884   0x08001884   0x00000002   Code   RO          733    i.HAL_TIM_IC_CaptureCallback  stm32l1xx_hal_tim.o
    0x08001886   0x08001886   0x00000134   Code   RO          747    i.HAL_TIM_IRQHandler  stm32l1xx_hal_tim.o
    0x080019ba   0x080019ba   0x00000002   PAD
    0x080019bc   0x080019bc   0x0000005c   Code   RO          424    i.HAL_TIM_MspPostInit  tim.o
    0x08001a18   0x08001a18   0x00000002   Code   RO          750    i.HAL_TIM_OC_DelayElapsedCallback  stm32l1xx_hal_tim.o
    0x08001a1a   0x08001a1a   0x00000104   Code   RO          771    i.HAL_TIM_PWM_ConfigChannel  stm32l1xx_hal_tim.o
    0x08001b1e   0x08001b1e   0x00000050   Code   RO          774    i.HAL_TIM_PWM_Init  stm32l1xx_hal_tim.o
    0x08001b6e   0x08001b6e   0x00000002   Code   RO          776    i.HAL_TIM_PWM_MspInit  stm32l1xx_hal_tim.o
    0x08001b70   0x08001b70   0x00000002   Code   RO          777    i.HAL_TIM_PWM_PulseFinishedCallback  stm32l1xx_hal_tim.o
    0x08001b72   0x08001b72   0x00000002   PAD
    0x08001b74   0x08001b74   0x000000b8   Code   RO          779    i.HAL_TIM_PWM_Start  stm32l1xx_hal_tim.o
    0x08001c2c   0x08001c2c   0x00000002   Code   RO          785    i.HAL_TIM_PeriodElapsedCallback  stm32l1xx_hal_tim.o
    0x08001c2e   0x08001c2e   0x00000002   Code   RO          790    i.HAL_TIM_TriggerCallback  stm32l1xx_hal_tim.o
    0x08001c30   0x08001c30   0x00000002   Code   RO         2717    i.HAL_UARTEx_RxEventCallback  stm32l1xx_hal_uart.o
    0x08001c32   0x08001c32   0x0000008a   Code   RO         2729    i.HAL_UART_DMAStop  stm32l1xx_hal_uart.o
    0x08001cbc   0x08001cbc   0x00000002   Code   RO         2731    i.HAL_UART_ErrorCallback  stm32l1xx_hal_uart.o
    0x08001cbe   0x08001cbe   0x00000002   PAD
    0x08001cc0   0x08001cc0   0x00000304   Code   RO         2734    i.HAL_UART_IRQHandler  stm32l1xx_hal_uart.o
    0x08001fc4   0x08001fc4   0x00000076   Code   RO         2735    i.HAL_UART_Init     stm32l1xx_hal_uart.o
    0x0800203a   0x0800203a   0x00000002   PAD
    0x0800203c   0x0800203c   0x00000100   Code   RO          477    i.HAL_UART_MspInit  usart.o
    0x0800213c   0x0800213c   0x0000002c   Code   RO         2739    i.HAL_UART_Receive_DMA  stm32l1xx_hal_uart.o
    0x08002168   0x08002168   0x00000002   Code   RO         2741    i.HAL_UART_RxCpltCallback  stm32l1xx_hal_uart.o
    0x0800216a   0x0800216a   0x00000002   Code   RO         2742    i.HAL_UART_RxHalfCpltCallback  stm32l1xx_hal_uart.o
    0x0800216c   0x0800216c   0x0000009c   Code   RO         2744    i.HAL_UART_Transmit_DMA  stm32l1xx_hal_uart.o
    0x08002208   0x08002208   0x00000002   Code   RO         2746    i.HAL_UART_TxCpltCallback  stm32l1xx_hal_uart.o
    0x0800220a   0x0800220a   0x00000002   Code   RO         2747    i.HAL_UART_TxHalfCpltCallback  stm32l1xx_hal_uart.o
    0x0800220c   0x0800220c   0x00000004   Code   RO          561    i.HardFault_Handler  stm32l1xx_it.o
    0x08002210   0x08002210   0x00000044   Code   RO          398    i.MX_DMA_Init       dma.o
    0x08002254   0x08002254   0x00000110   Code   RO          374    i.MX_GPIO_Init      gpio.o
    0x08002364   0x08002364   0x000000c4   Code   RO          425    i.MX_TIM2_Init      tim.o
    0x08002428   0x08002428   0x00000070   Code   RO          426    i.MX_TIM3_Init      tim.o
    0x08002498   0x08002498   0x00000038   Code   RO          478    i.MX_USART1_UART_Init  usart.o
    0x080024d0   0x080024d0   0x00000004   Code   RO          562    i.MemManage_Handler  stm32l1xx_it.o
    0x080024d4   0x080024d4   0x00000004   Code   RO          563    i.NMI_Handler       stm32l1xx_it.o
    0x080024d8   0x080024d8   0x00000002   Code   RO          564    i.PendSV_Handler    stm32l1xx_it.o
    0x080024da   0x080024da   0x00000002   PAD
    0x080024dc   0x080024dc   0x000000a8   Code   RO         1626    i.RCC_SetFlashLatencyFromMSIRange  stm32l1xx_hal_rcc.o
    0x08002584   0x08002584   0x00000008   Code   RO         3120    i.SEGGER_RTT_Init   segger_rtt.o
    0x0800258c   0x0800258c   0x00000048   Code   RO         3133    i.SEGGER_RTT_Write  segger_rtt.o
    0x080025d4   0x080025d4   0x00000084   Code   RO         3134    i.SEGGER_RTT_WriteNoLock  segger_rtt.o
    0x08002658   0x08002658   0x0000020a   Code   RO         3313    i.SEGGER_RTT_vprintf  segger_rtt_printf.o
    0x08002862   0x08002862   0x00000002   Code   RO          565    i.SVC_Handler       stm32l1xx_it.o
    0x08002864   0x08002864   0x00000008   Code   RO          566    i.SysTick_Handler   stm32l1xx_it.o
    0x0800286c   0x0800286c   0x00000074   Code   RO          287    i.SystemClock_Config  main.o
    0x080028e0   0x080028e0   0x00000002   Code   RO         3079    i.SystemInit        system_stm32l1xx.o
    0x080028e2   0x080028e2   0x00000002   PAD
    0x080028e4   0x080028e4   0x00000010   Code   RO          567    i.TIM2_IRQHandler   stm32l1xx_it.o
    0x080028f4   0x080028f4   0x00000010   Code   RO          568    i.TIM3_IRQHandler   stm32l1xx_it.o
    0x08002904   0x08002904   0x00000098   Code   RO          792    i.TIM_Base_SetConfig  stm32l1xx_hal_tim.o
    0x0800299c   0x0800299c   0x00000022   Code   RO          793    i.TIM_CCxChannelCmd  stm32l1xx_hal_tim.o
    0x080029be   0x080029be   0x00000016   Code   RO          803    i.TIM_ETR_SetConfig  stm32l1xx_hal_tim.o
    0x080029d4   0x080029d4   0x00000012   Code   RO          804    i.TIM_ITRx_SetConfig  stm32l1xx_hal_tim.o
    0x080029e6   0x080029e6   0x00000030   Code   RO          805    i.TIM_OC1_SetConfig  stm32l1xx_hal_tim.o
    0x08002a16   0x08002a16   0x00000034   Code   RO          806    i.TIM_OC2_SetConfig  stm32l1xx_hal_tim.o
    0x08002a4a   0x08002a4a   0x00000032   Code   RO          807    i.TIM_OC3_SetConfig  stm32l1xx_hal_tim.o
    0x08002a7c   0x08002a7c   0x00000034   Code   RO          808    i.TIM_OC4_SetConfig  stm32l1xx_hal_tim.o
    0x08002ab0   0x08002ab0   0x00000026   Code   RO          810    i.TIM_TI1_ConfigInputStage  stm32l1xx_hal_tim.o
    0x08002ad6   0x08002ad6   0x00000028   Code   RO          812    i.TIM_TI2_ConfigInputStage  stm32l1xx_hal_tim.o
    0x08002afe   0x08002afe   0x00000012   Code   RO         2748    i.UART_DMAAbortOnError  stm32l1xx_hal_uart.o
    0x08002b10   0x08002b10   0x00000050   Code   RO         2749    i.UART_DMAError     stm32l1xx_hal_uart.o
    0x08002b60   0x08002b60   0x000000b4   Code   RO         2750    i.UART_DMAReceiveCplt  stm32l1xx_hal_uart.o
    0x08002c14   0x08002c14   0x00000024   Code   RO         2752    i.UART_DMARxHalfCplt  stm32l1xx_hal_uart.o
    0x08002c38   0x08002c38   0x00000058   Code   RO         2754    i.UART_DMATransmitCplt  stm32l1xx_hal_uart.o
    0x08002c90   0x08002c90   0x0000000e   Code   RO         2756    i.UART_DMATxHalfCplt  stm32l1xx_hal_uart.o
    0x08002c9e   0x08002c9e   0x0000006c   Code   RO         2758    i.UART_EndRxTransfer  stm32l1xx_hal_uart.o
    0x08002d0a   0x08002d0a   0x00000020   Code   RO         2759    i.UART_EndTransmit_IT  stm32l1xx_hal_uart.o
    0x08002d2a   0x08002d2a   0x00000026   Code   RO         2760    i.UART_EndTxTransfer  stm32l1xx_hal_uart.o
    0x08002d50   0x08002d50   0x000000fc   Code   RO         2761    i.UART_Receive_IT   stm32l1xx_hal_uart.o
    0x08002e4c   0x08002e4c   0x000001b0   Code   RO         2762    i.UART_SetConfig    stm32l1xx_hal_uart.o
    0x08002ffc   0x08002ffc   0x000000d8   Code   RO         2763    i.UART_Start_Receive_DMA  stm32l1xx_hal_uart.o
    0x080030d4   0x080030d4   0x00000060   Code   RO         2765    i.UART_Transmit_IT  stm32l1xx_hal_uart.o
    0x08003134   0x08003134   0x00000088   Code   RO          569    i.USART1_IRQHandler  stm32l1xx_it.o
    0x080031bc   0x080031bc   0x00000004   Code   RO          570    i.UsageFault_Handler  stm32l1xx_it.o
    0x080031c0   0x080031c0   0x00000070   Code   RO         3138    i._DoInit           segger_rtt.o
    0x08003230   0x08003230   0x0000001c   Code   RO         3139    i._GetAvailWriteSpace  segger_rtt.o
    0x0800324c   0x0800324c   0x000000ec   Code   RO         3314    i._PrintInt         segger_rtt_printf.o
    0x08003338   0x08003338   0x000000ec   Code   RO         3315    i._PrintUnsigned    segger_rtt_printf.o
    0x08003424   0x08003424   0x00000044   Code   RO         3316    i._StoreChar        segger_rtt_printf.o
    0x08003468   0x08003468   0x00000072   Code   RO         3141    i._WriteBlocking    segger_rtt.o
    0x080034da   0x080034da   0x0000004c   Code   RO         3142    i._WriteNoCheck     segger_rtt.o
    0x08003526   0x08003526   0x00000002   PAD
    0x08003528   0x08003528   0x00000010   Code   RO         2501    i.__NVIC_GetPriorityGrouping  stm32l1xx_hal_cortex.o
    0x08003538   0x08003538   0x00000028   Code   RO         2502    i.__NVIC_SetPriority  stm32l1xx_hal_cortex.o
    0x08003560   0x08003560   0x0000003e   Code   RO           13    i.calculate_step_pwm  motor.o
    0x0800359e   0x0800359e   0x00000002   PAD
    0x080035a0   0x080035a0   0x00000280   Code   RO           15    i.car_turn_soft     motor.o
    0x08003820   0x08003820   0x0000000a   Code   RO           16    i.channel_to_index  motor.o
    0x0800382a   0x0800382a   0x00000002   PAD
    0x0800382c   0x0800382c   0x000000e0   Code   RO          479    i.control_protocol_analysis  usart.o
    0x0800390c   0x0800390c   0x000000c0   Code   RO          288    i.main              main.o
    0x080039cc   0x080039cc   0x000000a8   Code   RO           17    i.motor_gpio_set_direction  motor.o
    0x08003a74   0x08003a74   0x00000210   Code   RO           20    i.motors_set_speed_soft  motor.o
    0x08003c84   0x08003c84   0x00000044   Code   RO          480    i.my_check_code_analysis  usart.o
    0x08003cc8   0x08003cc8   0x0000001e   Code   RO          481    i.my_check_code_calculate  usart.o
    0x08003ce6   0x08003ce6   0x00000012   Code   RO           21    i.my_motor_car_run  motor.o
    0x08003cf8   0x08003cf8   0x0000000a   Code   RO           22    i.my_motor_car_stop  motor.o
    0x08003d02   0x08003d02   0x00000002   PAD
    0x08003d04   0x08003d04   0x000000dc   Code   RO          482    i.my_motor_control_protocol_analysis  usart.o
    0x08003de0   0x08003de0   0x00000148   Code   RO           23    i.my_motor_control_task  motor.o
    0x08003f28   0x08003f28   0x00000024   Code   RO          483    i.my_set_car_stop_func  usart.o
    0x08003f4c   0x08003f4c   0x000001f4   Code   RO          484    i.my_uart3_tx_to_BLE  usart.o
    0x08004140   0x08004140   0x0000007c   Code   RO          289    i.print_array_hex   main.o
    0x080041bc   0x080041bc   0x0000001c   Code   RO          290    i.print_log         main.o
    0x080041d8   0x080041d8   0x00000010   Code   RO          291    i.segger_rtt_init   main.o
    0x080041e8   0x080041e8   0x000000d0   Code   RO           24    i.stop_all_motors_sync  motor.o
    0x080042b8   0x080042b8   0x00000184   Code   RO         3367    x$fpl$fdiv          fz_ws.l(fdiv.o)
    0x0800443c   0x0800443c   0x00000036   Code   RO         3370    x$fpl$ffix          fz_ws.l(ffix.o)
    0x08004472   0x08004472   0x00000002   PAD
    0x08004474   0x08004474   0x00000030   Code   RO         3375    x$fpl$fflt          fz_ws.l(fflt_clz.o)
    0x080044a4   0x080044a4   0x00000026   Code   RO         3374    x$fpl$ffltu         fz_ws.l(fflt_clz.o)
    0x080044ca   0x080044ca   0x00000002   PAD
    0x080044cc   0x080044cc   0x00000102   Code   RO         3380    x$fpl$fmul          fz_ws.l(fmul.o)
    0x080045ce   0x080045ce   0x0000008c   Code   RO         3395    x$fpl$fnaninf       fz_ws.l(fnaninf.o)
    0x0800465a   0x0800465a   0x0000000a   Code   RO         3397    x$fpl$fretinf       fz_ws.l(fretinf.o)
    0x08004664   0x08004664   0x00000000   Code   RO         3399    x$fpl$usenofp       fz_ws.l(usenofp.o)
    0x08004664   0x08004664   0x00000026   Data   RO           25    .constdata          motor.o
    0x0800468a   0x0800468a   0x00000021   Data   RO         3080    .constdata          system_stm32l1xx.o
    0x080046ab   0x080046ab   0x00000010   Data   RO         3317    .constdata          segger_rtt_printf.o
    0x080046bb   0x080046bb   0x00000001   PAD
    0x080046bc   0x080046bc   0x00000020   Data   RO         3560    Region$$Table       anon$$obj.o


    Execution Region RW_IRAM1 (Exec base: 0x20000000, Load base: 0x080046dc, Size: 0x00000d98, Max: 0x00008000, ABSOLUTE)

    Exec Addr    Load Addr    Size         Type   Attr      Idx    E Section Name        Object

    0x20000000   0x080046dc   0x00000004   Data   RW           26    .data               motor.o
    0x20000004   0x080046e0   0x00000003   Data   RW          293    .data               main.o
    0x20000007   0x080046e3   0x00000001   Data   RW          486    .data               usart.o
    0x20000008   0x080046e4   0x0000000c   Data   RW         1463    .data               stm32l1xx_hal.o
    0x20000014   0x080046f0   0x00000004   Data   RW         3081    .data               system_stm32l1xx.o
    0x20000018        -       0x00000100   Zero   RW          292    .bss                main.o
    0x20000118        -       0x00000080   Zero   RW          427    .bss                tim.o
    0x20000198        -       0x000000e4   Zero   RW          485    .bss                usart.o
    0x2000027c        -       0x000004b8   Zero   RW         3143    .bss                segger_rtt.o
    0x20000734        -       0x00000060   Zero   RW         3434    .bss                c_w.l(libspace.o)
    0x20000794   0x080046f4   0x00000004   PAD
    0x20000798        -       0x00000200   Zero   RW            2    HEAP                startup_stm32l151xc.o
    0x20000998        -       0x00000400   Zero   RW            1    STACK               startup_stm32l151xc.o


==============================================================================

Image component sizes


      Code (inc. data)   RO Data    RW Data    ZI Data      Debug   Object Name

        68          4          0          0          0        694   dma.o
       272         12          0          0          0        923   gpio.o
       482        116          0          3        256       4468   main.o
      1972        210         38          4          0     395116   motor.o
       542         48          0          0       1208       7972   segger_rtt.o
      1062          6         16          0          0       4661   segger_rtt_printf.o
        64         26        292          0       1536        784   startup_stm32l151xc.o
       194         32          0         12          0       3657   stm32l1xx_hal.o
       372         30          0          0          0      31498   stm32l1xx_hal_cortex.o
       780         10          0          0          0       4546   stm32l1xx_hal_dma.o
       510         36          0          0          0       3619   stm32l1xx_hal_gpio.o
        92          4          0          0          0        810   stm32l1xx_hal_msp.o
      2436        112          0          0          0       6464   stm32l1xx_hal_rcc.o
      1818         54          0          0          0      15191   stm32l1xx_hal_tim.o
       132         14          0          0          0       1216   stm32l1xx_hal_tim_ex.o
      2830         36          0          0          0      16887   stm32l1xx_hal_uart.o
       254         62          0          0          0       7373   stm32l1xx_it.o
         2          0         33          4          0       1083   system_stm32l1xx.o
       520         34          0          0        128       2881   tim.o
      1390        202          0          1        228       5708   usart.o

    ----------------------------------------------------------------------
     15818       1048        412         24       3356     515551   Object Totals
         0          0         32          0          0          0   (incl. Generated)
        26          0          1          0          0          0   (incl. Padding)

    ----------------------------------------------------------------------

      Code (inc. data)   RO Data    RW Data    ZI Data      Debug   Library Member Name

         8          0          0          0          0         68   __main.o
         0          0          0          0          0          0   __rtentry.o
        12          0          0          0          0          0   __rtentry2.o
         6          0          0          0          0          0   __rtentry4.o
        52          8          0          0          0          0   __scatter.o
        26          0          0          0          0          0   __scatter_copy.o
        28          0          0          0          0          0   __scatter_zi.o
        18          0          0          0          0         80   exit.o
         6          0          0          0          0        152   heapauxi.o
         0          0          0          0          0          0   indicate_semi.o
         2          0          0          0          0          0   libinit.o
         2          0          0          0          0          0   libinit2.o
         2          0          0          0          0          0   libshutdown.o
         2          0          0          0          0          0   libshutdown2.o
         8          4          0          0         96         68   libspace.o
       238          0          0          0          0        100   lludivv7m.o
        68          0          0          0          0         68   rt_memclr.o
        78          0          0          0          0         80   rt_memclr_w.o
       138          0          0          0          0         68   rt_memcpy_v6.o
       100          0          0          0          0         80   rt_memcpy_w.o
         2          0          0          0          0          0   rtexit.o
        10          0          0          0          0          0   rtexit2.o
        72          0          0          0          0         80   strcpy.o
        12          4          0          0          0         68   sys_exit.o
        74          0          0          0          0         80   sys_stackheap_outer.o
         2          0          0          0          0         68   use_no_semi.o
       388         76          0          0          0         96   fdiv.o
        54          4          0          0          0         84   ffix.o
        86          0          0          0          0        136   fflt_clz.o
       258          4          0          0          0         84   fmul.o
       140          4          0          0          0         84   fnaninf.o
        10          0          0          0          0         68   fretinf.o
         0          0          0          0          0          0   usenofp.o

    ----------------------------------------------------------------------
      1910        104          0          0        100       1612   Library Totals
         8          0          0          0          4          0   (incl. Padding)

    ----------------------------------------------------------------------

      Code (inc. data)   RO Data    RW Data    ZI Data      Debug   Library Name

       966         16          0          0         96       1060   c_w.l
       936         88          0          0          0        552   fz_ws.l

    ----------------------------------------------------------------------
      1910        104          0          0        100       1612   Library Totals

    ----------------------------------------------------------------------

==============================================================================


      Code (inc. data)   RO Data    RW Data    ZI Data      Debug   

     17728       1152        412         24       3456     509567   Grand Totals
     17728       1152        412         24       3456     509567   ELF Image Totals
     17728       1152        412         24          0          0   ROM Totals

==============================================================================

    Total RO  Size (Code + RO Data)                18140 (  17.71kB)
    Total RW  Size (RW Data + ZI Data)              3480 (   3.40kB)
    Total ROM Size (Code + RO Data + RW Data)      18164 (  17.74kB)

==============================================================================

